Component: ARM Compiler 5.06 (build 20) Tool: armlink [4d35a3]

==============================================================================

Section Cross References

    system_stm32f4xx.o(i.SystemCoreClockUpdate) refers to system_stm32f4xx.o(.data) for .data
    system_stm32f4xx.o(i.SystemCoreClockUpdate) refers to system_stm32f4xx.o(.constdata) for .constdata
    ltdc.o(i.HAL_LTDC_MspDeInit) refers to stm32f4xx_hal_gpio.o(i.HAL_GPIO_DeInit) for HAL_GPIO_DeInit
    ltdc.o(i.HAL_LTDC_MspDeInit) refers to stm32f4xx_hal_cortex.o(i.HAL_NVIC_DisableIRQ) for HAL_NVIC_DisableIRQ
    ltdc.o(i.HAL_LTDC_MspInit) refers to stm32f4xx_hal_gpio.o(i.HAL_GPIO_Init) for HAL_GPIO_Init
    ltdc.o(i.HAL_LTDC_MspInit) refers to stm32f4xx_hal_cortex.o(i.HAL_NVIC_SetPriority) for HAL_NVIC_SetPriority
    ltdc.o(i.HAL_LTDC_MspInit) refers to stm32f4xx_hal_cortex.o(i.HAL_NVIC_EnableIRQ) for HAL_NVIC_EnableIRQ
    ltdc.o(i.MX_LTDC_Init) refers to stm32f4xx_hal_ltdc.o(i.HAL_LTDC_Init) for HAL_LTDC_Init
    ltdc.o(i.MX_LTDC_Init) refers to stm32f4xx_hal_ltdc.o(i.HAL_LTDC_ConfigLayer) for HAL_LTDC_ConfigLayer
    ltdc.o(i.MX_LTDC_Init) refers to ltdc.o(.bss) for .bss
    usart.o(i.HAL_UART_MspDeInit) refers to stm32f4xx_hal_gpio.o(i.HAL_GPIO_DeInit) for HAL_GPIO_DeInit
    usart.o(i.HAL_UART_MspDeInit) refers to stm32f4xx_hal_dma.o(i.HAL_DMA_DeInit) for HAL_DMA_DeInit
    usart.o(i.HAL_UART_MspDeInit) refers to stm32f4xx_hal_cortex.o(i.HAL_NVIC_DisableIRQ) for HAL_NVIC_DisableIRQ
    usart.o(i.HAL_UART_MspInit) refers to stm32f4xx_hal_gpio.o(i.HAL_GPIO_Init) for HAL_GPIO_Init
    usart.o(i.HAL_UART_MspInit) refers to stm32f4xx_hal_dma.o(i.HAL_DMA_Init) for HAL_DMA_Init
    usart.o(i.HAL_UART_MspInit) refers to stm32f4xx_hal_cortex.o(i.HAL_NVIC_SetPriority) for HAL_NVIC_SetPriority
    usart.o(i.HAL_UART_MspInit) refers to stm32f4xx_hal_cortex.o(i.HAL_NVIC_EnableIRQ) for HAL_NVIC_EnableIRQ
    usart.o(i.HAL_UART_MspInit) refers to usart.o(.bss) for .bss
    usart.o(i.MX_USART1_UART_Init) refers to stm32f4xx_hal_uart.o(i.HAL_UART_Init) for HAL_UART_Init
    usart.o(i.MX_USART1_UART_Init) refers to usart.o(.bss) for .bss
    i2c.o(i.HAL_I2C_MspDeInit) refers to stm32f4xx_hal_gpio.o(i.HAL_GPIO_DeInit) for HAL_GPIO_DeInit
    i2c.o(i.HAL_I2C_MspDeInit) refers to stm32f4xx_hal_dma.o(i.HAL_DMA_DeInit) for HAL_DMA_DeInit
    i2c.o(i.HAL_I2C_MspDeInit) refers to stm32f4xx_hal_cortex.o(i.HAL_NVIC_DisableIRQ) for HAL_NVIC_DisableIRQ
    i2c.o(i.HAL_I2C_MspInit) refers to stm32f4xx_hal_gpio.o(i.HAL_GPIO_Init) for HAL_GPIO_Init
    i2c.o(i.HAL_I2C_MspInit) refers to stm32f4xx_hal_dma.o(i.HAL_DMA_Init) for HAL_DMA_Init
    i2c.o(i.HAL_I2C_MspInit) refers to stm32f4xx_hal_cortex.o(i.HAL_NVIC_SetPriority) for HAL_NVIC_SetPriority
    i2c.o(i.HAL_I2C_MspInit) refers to stm32f4xx_hal_cortex.o(i.HAL_NVIC_EnableIRQ) for HAL_NVIC_EnableIRQ
    i2c.o(i.HAL_I2C_MspInit) refers to i2c.o(.bss) for .bss
    i2c.o(i.I2C1_ReadBuffer) refers to stm32f4xx_hal_i2c.o(i.HAL_I2C_GetError) for HAL_I2C_GetError
    i2c.o(i.I2C1_ReadBuffer) refers to stm32f4xx_hal_i2c.o(i.HAL_I2C_Master_Receive) for HAL_I2C_Master_Receive
    i2c.o(i.I2C1_ReadBuffer) refers to stm32f4xx_hal_i2c.o(i.HAL_I2C_GetState) for HAL_I2C_GetState
    i2c.o(i.I2C1_ReadBuffer) refers to i2c.o(.bss) for .bss
    i2c.o(i.I2C1_WriteBuffer) refers to stm32f4xx_hal_i2c.o(i.HAL_I2C_GetError) for HAL_I2C_GetError
    i2c.o(i.I2C1_WriteBuffer) refers to stm32f4xx_hal_i2c.o(i.HAL_I2C_Master_Transmit) for HAL_I2C_Master_Transmit
    i2c.o(i.I2C1_WriteBuffer) refers to stm32f4xx_hal_i2c.o(i.HAL_I2C_GetState) for HAL_I2C_GetState
    i2c.o(i.I2C1_WriteBuffer) refers to i2c.o(.bss) for .bss
    i2c.o(i.MX_I2C1_Init) refers to stm32f4xx_hal_i2c.o(i.HAL_I2C_Init) for HAL_I2C_Init
    i2c.o(i.MX_I2C1_Init) refers to i2c.o(.bss) for .bss
    fmc.o(i.HAL_FMC_MspInit) refers to stm32f4xx_hal_gpio.o(i.HAL_GPIO_Init) for HAL_GPIO_Init
    fmc.o(i.HAL_FMC_MspInit) refers to stm32f4xx_hal_cortex.o(i.HAL_NVIC_SetPriority) for HAL_NVIC_SetPriority
    fmc.o(i.HAL_FMC_MspInit) refers to stm32f4xx_hal_cortex.o(i.HAL_NVIC_EnableIRQ) for HAL_NVIC_EnableIRQ
    fmc.o(i.HAL_FMC_MspInit) refers to fmc.o(.data) for .data
    fmc.o(i.HAL_SDRAM_MspDeInit) refers to stm32f4xx_hal_gpio.o(i.HAL_GPIO_DeInit) for HAL_GPIO_DeInit
    fmc.o(i.HAL_SDRAM_MspDeInit) refers to stm32f4xx_hal_cortex.o(i.HAL_NVIC_DisableIRQ) for HAL_NVIC_DisableIRQ
    fmc.o(i.HAL_SDRAM_MspDeInit) refers to fmc.o(.data) for .data
    fmc.o(i.HAL_SDRAM_MspInit) refers to fmc.o(i.HAL_FMC_MspInit) for HAL_FMC_MspInit
    fmc.o(i.MX_FMC_Init) refers to stm32f4xx_hal_sdram.o(i.HAL_SDRAM_Init) for HAL_SDRAM_Init
    fmc.o(i.MX_FMC_Init) refers to fmc.o(.bss) for .bss
    stm32f4xx_hal_msp.o(i.HAL_MspInit) refers to stm32f4xx_hal_cortex.o(i.HAL_NVIC_SetPriorityGrouping) for HAL_NVIC_SetPriorityGrouping
    stm32f4xx_hal_msp.o(i.HAL_MspInit) refers to stm32f4xx_hal_cortex.o(i.HAL_NVIC_SetPriority) for HAL_NVIC_SetPriority
[...]
    ../clib/microlib/init/entry.s            0x00000000   Number         0  entry11a.o ABSOLUTE
    ../clib/microlib/init/entry.s            0x00000000   Number         0  entry.o ABSOLUTE
    ../clib/microlib/init/entry.s            0x00000000   Number         0  entry10b.o ABSOLUTE
    ../clib/microlib/init/entry.s            0x00000000   Number         0  entry7a.o ABSOLUTE
    ../clib/microlib/init/entry.s            0x00000000   Number         0  entry10a.o ABSOLUTE
    ../clib/microlib/init/entry.s            0x00000000   Number         0  entry9b.o ABSOLUTE
    ../clib/microlib/init/entry.s            0x00000000   Number         0  entry9a.o ABSOLUTE
    ../clib/microlib/init/entry.s            0x00000000   Number         0  entry8a.o ABSOLUTE
    ../clib/microlib/init/entry.s            0x00000000   Number         0  entry7b.o ABSOLUTE
    ../clib/microlib/init/entry.s            0x00000000   Number         0  entry5.o ABSOLUTE
    ../clib/microlib/init/entry.s            0x00000000   Number         0  entry2.o ABSOLUTE
    ../clib/microlib/init/entry.s            0x00000000   Number         0  entry11b.o ABSOLUTE
    ../clib/microlib/longlong.c              0x00000000   Number         0  llushr.o ABSOLUTE
    ../clib/microlib/longlong.c              0x00000000   Number         0  llshl.o ABSOLUTE
    ../clib/microlib/longlong.c              0x00000000   Number         0  llsshr.o ABSOLUTE
    ../clib/microlib/printf/printf.c         0x00000000   Number         0  printf1.o ABSOLUTE
    ../clib/microlib/printf/printf.c         0x00000000   Number         0  printf2.o ABSOLUTE
    ../clib/microlib/printf/printf.c         0x00000000   Number         0  printfa.o ABSOLUTE
    ../clib/microlib/printf/printf.c         0x00000000   Number         0  printf0.o ABSOLUTE
    ../clib/microlib/printf/printf.c         0x00000000   Number         0  printf8.o ABSOLUTE
    ../clib/microlib/printf/printf.c         0x00000000   Number         0  printf7.o ABSOLUTE
    ../clib/microlib/printf/printf.c         0x00000000   Number         0  printfb.o ABSOLUTE
    ../clib/microlib/printf/printf.c         0x00000000   Number         0  printf6.o ABSOLUTE
    ../clib/microlib/printf/printf.c         0x00000000   Number         0  printf5.o ABSOLUTE
    ../clib/microlib/printf/printf.c         0x00000000   Number         0  printf4.o ABSOLUTE
    ../clib/microlib/printf/printf.c         0x00000000   Number         0  printf3.o ABSOLUTE
    ../clib/microlib/printf/stubs.s          0x00000000   Number         0  stubs.o ABSOLUTE
    ../clib/microlib/stdio/fputc.c           0x00000000   Number         0  fputc.o ABSOLUTE
    ../clib/microlib/stdio/semi.s            0x00000000   Number         0  semi.o ABSOLUTE
    ../clib/microlib/stdio/streams.c         0x00000000   Number         0  stdout.o ABSOLUTE
    ../clib/microlib/string/memcpy.c         0x00000000   Number         0  memcpya.o ABSOLUTE
    ../clib/microlib/string/memcpy.c         0x00000000   Number         0  memcpyb.o ABSOLUTE
    ../clib/microlib/string/strlen.c         0x00000000   Number         0  strlen.o ABSOLUTE
    ../clib/microlib/stubs.s                 0x00000000   Number         0  iusesemip.o ABSOLUTE
    ../clib/microlib/stubs.s                 0x00000000   Number         0  iusefp.o ABSOLUTE
    ../fplib/microlib/d2f.c                  0x00000000   Number         0  d2f.o ABSOLUTE
    ../fplib/microlib/fpadd.c                0x00000000   Number         0  dadd.o ABSOLUTE
    ../fplib/microlib/fpdiv.c                0x00000000   Number         0  ddiv.o ABSOLUTE
    ../fplib/microlib/fpepilogue.c           0x00000000   Number         0  depilogue.o ABSOLUTE
    ../fplib/microlib/fpepilogue.c           0x00000000   Number         0  fepilogue.o ABSOLUTE
    ../fplib/microlib/fpfix.c                0x00000000   Number         0  dfixul.o ABSOLUTE
    ../fplib/microlib/fpflt.c                0x00000000   Number         0  dfltui.o ABSOLUTE
    ../fplib/microlib/fpmul.c                0x00000000   Number         0  dmul.o ABSOLUTE
    ..\Drivers\CMSIS\Device\ST\STM32F4xx\Source\Templates\arm\startup_stm32f439xx.s 0x00000000   Number         0  startup_stm32f439xx.o ABSOLUTE
    ..\Drivers\CMSIS\Device\ST\STM32F4xx\Source\Templates\system_stm32f4xx.c 0x00000000   Number         0  system_stm32f4xx.o ABSOLUTE
    ..\Drivers\STM32F4xx_HAL_Driver\Src\stm32f4xx_hal.c 0x00000000   Number         0  stm32f4xx_hal.o ABSOLUTE
    ..\Drivers\STM32F4xx_HAL_Driver\Src\stm32f4xx_hal_adc.c 0x00000000   Number         0  stm32f4xx_hal_adc.o ABSOLUTE
    ..\Drivers\STM32F4xx_HAL_Driver\Src\stm32f4xx_hal_adc_ex.c 0x00000000   Number         0  stm32f4xx_hal_adc_ex.o ABSOLUTE
    ..\Drivers\STM32F4xx_HAL_Driver\Src\stm32f4xx_hal_cortex.c 0x00000000   Number         0  stm32f4xx_hal_cortex.o ABSOLUTE
    ..\Drivers\STM32F4xx_HAL_Driver\Src\stm32f4xx_hal_dcmi.c 0x00000000   Number         0  stm32f4xx_hal_dcmi.o ABSOLUTE
    ..\Drivers\STM32F4xx_HAL_Driver\Src\stm32f4xx_hal_dcmi_ex.c 0x00000000   Number         0  stm32f4xx_hal_dcmi_ex.o ABSOLUTE
    ..\Drivers\STM32F4xx_HAL_Driver\Src\stm32f4xx_hal_dma.c 0x00000000   Number         0  stm32f4xx_hal_dma.o ABSOLUTE
    ..\Drivers\STM32F4xx_HAL_Driver\Src\stm32f4xx_hal_dma2d.c 0x00000000   Number         0  stm32f4xx_hal_dma2d.o ABSOLUTE
    ..\Drivers\STM32F4xx_HAL_Driver\Src\stm32f4xx_hal_dma_ex.c 0x00000000   Number         0  stm32f4xx_hal_dma_ex.o ABSOLUTE
    ..\Drivers\STM32F4xx_HAL_Driver\Src\stm32f4xx_hal_dsi.c 0x00000000   Number         0  stm32f4xx_hal_dsi.o ABSOLUTE
    ..\Drivers\STM32F4xx_HAL_Driver\Src\stm32f4xx_hal_flash.c 0x00000000   Number         0  stm32f4xx_hal_flash.o ABSOLUTE
    ..\Drivers\STM32F4xx_HAL_Driver\Src\stm32f4xx_hal_flash_ex.c 0x00000000   Number         0  stm32f4xx_hal_flash_ex.o ABSOLUTE
    ..\Drivers\STM32F4xx_HAL_Driver\Src\stm32f4xx_hal_flash_ramfunc.c 0x00000000   Number         0  stm32f4xx_hal_flash_ramfunc.o ABSOLUTE
    ..\Drivers\STM32F4xx_HAL_Driver\Src\stm32f4xx_hal_gpio.c 0x00000000   Number         0  stm32f4xx_hal_gpio.o ABSOLUTE
    ..\Drivers\STM32F4xx_HAL_Driver\Src\stm32f4xx_hal_i2c.c 0x00000000   Number         0  stm32f4xx_hal_i2c.o ABSOLUTE
    ..\Drivers\STM32F4xx_HAL_Driver\Src\stm32f4xx_hal_i2c_ex.c 0x00000000   Number         0  stm32f4xx_hal_i2c_ex.o ABSOLUTE
    ..\Drivers\STM32F4xx_HAL_Driver\Src\stm32f4xx_hal_ltdc.c 0x00000000   Number         0  stm32f4xx_hal_ltdc.o ABSOLUTE
    ..\Drivers\STM32F4xx_HAL_Driver\Src\stm32f4xx_hal_ltdc_ex.c 0x00000000   Number         0  stm32f4xx_hal_ltdc_ex.o ABSOLUTE
    ..\Drivers\STM32F4xx_HAL_Driver\Src\stm32f4xx_hal_pwr.c 0x00000000   Number         0  stm32f4xx_hal_pwr.o ABSOLUTE
    ..\Drivers\STM32F4xx_HAL_Driver\Src\stm32f4xx_hal_pwr_ex.c 0x00000000   Number         0  stm32f4xx_hal_pwr_ex.o ABSOLUTE
    ..\Drivers\STM32F4xx_HAL_Driver\Src\stm32f4xx_hal_rcc.c 0x00000000   Number         0  stm32f4xx_hal_rcc.o ABSOLUTE
    ..\Drivers\STM32F4xx_HAL_Driver\Src\stm32f4xx_hal_rcc_ex.c 0x00000000   Number         0  stm32f4xx_hal_rcc_ex.o ABSOLUTE
    ..\Drivers\STM32F4xx_HAL_Driver\Src\stm32f4xx_hal_sdram.c 0x00000000   Number         0  stm32f4xx_hal_sdram.o ABSOLUTE
    ..\Drivers\STM32F4xx_HAL_Driver\Src\stm32f4xx_hal_uart.c 0x00000000   Number         0  stm32f4xx_hal_uart.o ABSOLUTE
    ..\Drivers\STM32F4xx_HAL_Driver\Src\stm32f4xx_ll_fmc.c 0x00000000   Number         0  stm32f4xx_ll_fmc.o ABSOLUTE
    ..\Src\24l64.c                           0x00000000   Number         0  24l64.o ABSOLUTE
    ..\Src\adc.c                             0x00000000   Number         0  adc.o ABSOLUTE
    ..\Src\adxl345.c                         0x00000000   Number         0  adxl345.o ABSOLUTE
    ..\Src\dcmi.c                            0x00000000   Number         0  dcmi.o ABSOLUTE
    ..\Src\dma.c                             0x00000000   Number         0  dma.o ABSOLUTE
    ..\Src\dma2d.c                           0x00000000   Number         0  dma2d.o ABSOLUTE
    ..\Src\fmc.c                             0x00000000   Number         0  fmc.o ABSOLUTE
    ..\Src\font_7_10.c                       0x00000000   Number         0  font_7_10.o ABSOLUTE
    ..\Src\gpio.c                            0x00000000   Number         0  gpio.o ABSOLUTE
    ..\Src\graph.c                           0x00000000   Number         0  graph.o ABSOLUTE
    ..\Src\hmc5883.c                         0x00000000   Number         0  hmc5883.o ABSOLUTE
    ..\Src\i2c.c                             0x00000000   Number         0  i2c.o ABSOLUTE
    ..\Src\itg3200.c                         0x00000000   Number         0  itg3200.o ABSOLUTE
    ..\Src\ltdc.c                            0x00000000   Number         0  ltdc.o ABSOLUTE
    ..\Src\main.c                            0x00000000   Number         0  main.o ABSOLUTE
    ..\Src\sdram.c                           0x00000000   Number         0  sdram.o ABSOLUTE
    ..\Src\stm32f4xx_hal_msp.c               0x00000000   Number         0  stm32f4xx_hal_msp.o ABSOLUTE
    ..\Src\stm32f4xx_it.c                    0x00000000   Number         0  stm32f4xx_it.o ABSOLUTE
    ..\Src\svga050.c                         0x00000000   Number         0  svga050.o ABSOLUTE
    ..\Src\tvp5150.c                         0x00000000   Number         0  tvp5150.o ABSOLUTE
    ..\Src\usart.c                           0x00000000   Number         0  usart.o ABSOLUTE
    ..\\Drivers\\CMSIS\\Device\\ST\\STM32F4xx\\Source\\Templates\\system_stm32f4xx.c 0x00000000   Number         0  system_stm32f4xx.o ABSOLUTE
    ..\\Drivers\\STM32F4xx_HAL_Driver\\Src\\stm32f4xx_hal.c 0x00000000   Number         0  stm32f4xx_hal.o ABSOLUTE
    ..\\Drivers\\STM32F4xx_HAL_Driver\\Src\\stm32f4xx_hal_adc.c 0x00000000   Number         0  stm32f4xx_hal_adc.o ABSOLUTE
    ..\\Drivers\\STM32F4xx_HAL_Driver\\Src\\stm32f4xx_hal_adc_ex.c 0x00000000   Number         0  stm32f4xx_hal_adc_ex.o ABSOLUTE
    ..\\Drivers\\STM32F4xx_HAL_Driver\\Src\\stm32f4xx_hal_cortex.c 0x00000000   Number         0  stm32f4xx_hal_cortex.o ABSOLUTE
    ..\\Drivers\\STM32F4xx_HAL_Driver\\Src\\stm32f4xx_hal_dcmi.c 0x00000000   Number         0  stm32f4xx_hal_dcmi.o ABSOLUTE
    ..\\Drivers\\STM32F4xx_HAL_Driver\\Src\\stm32f4xx_hal_dcmi_ex.c 0x00000000   Number         0  stm32f4xx_hal_dcmi_ex.o ABSOLUTE
    ..\\Drivers\\STM32F4xx_HAL_Driver\\Src\\stm32f4xx_hal_dma.c 0x00000000   Number         0  stm32f4xx_hal_dma.o ABSOLUTE
    ..\\Drivers\\STM32F4xx_HAL_Driver\\Src\\stm32f4xx_hal_dma2d.c 0x00000000   Number         0  stm32f4xx_hal_dma2d.o ABSOLUTE
    ..\\Drivers\\STM32F4xx_HAL_Driver\\Src\\stm32f4xx_hal_dma_ex.c 0x00000000   Number         0  stm32f4xx_hal_dma_ex.o ABSOLUTE
    ..\\Drivers\\STM32F4xx_HAL_Driver\\Src\\stm32f4xx_hal_dsi.c 0x00000000   Number         0  stm32f4xx_hal_dsi.o ABSOLUTE
    ..\\Drivers\\STM32F4xx_HAL_Driver\\Src\\stm32f4xx_hal_flash.c 0x00000000   Number         0  stm32f4xx_hal_flash.o ABSOLUTE
    ..\\Drivers\\STM32F4xx_HAL_Driver\\Src\\stm32f4xx_hal_flash_ex.c 0x00000000   Number         0  stm32f4xx_hal_flash_ex.o ABSOLUTE
    ..\\Drivers\\STM32F4xx_HAL_Driver\\Src\\stm32f4xx_hal_flash_ramfunc.c 0x00000000   Number         0  stm32f4xx_hal_flash_ramfunc.o ABSOLUTE
    ..\\Drivers\\STM32F4xx_HAL_Driver\\Src\\stm32f4xx_hal_gpio.c 0x00000000   Number         0  stm32f4xx_hal_gpio.o ABSOLUTE
    ..\\Drivers\\STM32F4xx_HAL_Driver\\Src\\stm32f4xx_hal_i2c.c 0x00000000   Number         0  stm32f4xx_hal_i2c.o ABSOLUTE
    ..\\Drivers\\STM32F4xx_HAL_Driver\\Src\\stm32f4xx_hal_i2c_ex.c 0x00000000   Number         0  stm32f4xx_hal_i2c_ex.o ABSOLUTE
    ..\\Drivers\\STM32F4xx_HAL_Driver\\Src\\stm32f4xx_hal_ltdc.c 0x00000000   Number         0  stm32f4xx_hal_ltdc.o ABSOLUTE
    ..\\Drivers\\STM32F4xx_HAL_Driver\\Src\\stm32f4xx_hal_ltdc_ex.c 0x00000000   Number         0  stm32f4xx_hal_ltdc_ex.o ABSOLUTE
    ..\\Drivers\\STM32F4xx_HAL_Driver\\Src\\stm32f4xx_hal_pwr.c 0x00000000   Number         0  stm32f4xx_hal_pwr.o ABSOLUTE
    ..\\Drivers\\STM32F4xx_HAL_Driver\\Src\\stm32f4xx_hal_pwr_ex.c 0x00000000   Number         0  stm32f4xx_hal_pwr_ex.o ABSOLUTE
    ..\\Drivers\\STM32F4xx_HAL_Driver\\Src\\stm32f4xx_hal_rcc.c 0x00000000   Number         0  stm32f4xx_hal_rcc.o ABSOLUTE
    ..\\Drivers\\STM32F4xx_HAL_Driver\\Src\\stm32f4xx_hal_rcc_ex.c 0x00000000   Number         0  stm32f4xx_hal_rcc_ex.o ABSOLUTE
    ..\\Drivers\\STM32F4xx_HAL_Driver\\Src\\stm32f4xx_hal_sdram.c 0x00000000   Number         0  stm32f4xx_hal_sdram.o ABSOLUTE
    ..\\Drivers\\STM32F4xx_HAL_Driver\\Src\\stm32f4xx_hal_uart.c 0x00000000   Number         0  stm32f4xx_hal_uart.o ABSOLUTE
    ..\\Drivers\\STM32F4xx_HAL_Driver\\Src\\stm32f4xx_ll_fmc.c 0x00000000   Number         0  stm32f4xx_ll_fmc.o ABSOLUTE
    ..\\Src\\24l64.c                         0x00000000   Number         0  24l64.o ABSOLUTE
    ..\\Src\\adc.c                           0x00000000   Number         0  adc.o ABSOLUTE
    ..\\Src\\adxl345.c                       0x00000000   Number         0  adxl345.o ABSOLUTE
    ..\\Src\\dcmi.c                          0x00000000   Number         0  dcmi.o ABSOLUTE
    ..\\Src\\dma.c                           0x00000000   Number         0  dma.o ABSOLUTE
    ..\\Src\\dma2d.c                         0x00000000   Number         0  dma2d.o ABSOLUTE
    ..\\Src\\fmc.c                           0x00000000   Number         0  fmc.o ABSOLUTE
    ..\\Src\\gpio.c                          0x00000000   Number         0  gpio.o ABSOLUTE
    ..\\Src\\graph.c                         0x00000000   Number         0  graph.o ABSOLUTE
    ..\\Src\\hmc5883.c                       0x00000000   Number         0  hmc5883.o ABSOLUTE
    ..\\Src\\i2c.c                           0x00000000   Number         0  i2c.o ABSOLUTE
    ..\\Src\\itg3200.c                       0x00000000   Number         0  itg3200.o ABSOLUTE
    ..\\Src\\ltdc.c                          0x00000000   Number         0  ltdc.o ABSOLUTE
    ..\\Src\\main.c                          0x00000000   Number         0  main.o ABSOLUTE
    ..\\Src\\sdram.c                         0x00000000   Number         0  sdram.o ABSOLUTE
    ..\\Src\\stm32f4xx_hal_msp.c             0x00000000   Number         0  stm32f4xx_hal_msp.o ABSOLUTE
    ..\\Src\\stm32f4xx_it.c                  0x00000000   Number         0  stm32f4xx_it.o ABSOLUTE
    ..\\Src\\svga050.c                       0x00000000   Number         0  svga050.o ABSOLUTE
    ..\\Src\\tvp5150.c                       0x00000000   Number         0  tvp5150.o ABSOLUTE
    ..\\Src\\usart.c                         0x00000000   Number         0  usart.o ABSOLUTE
    cdrcmple.s                               0x00000000   Number         0  cdrcmple.o ABSOLUTE
    dc.s                                     0x00000000   Number         0  dc.o ABSOLUTE
    handlers.s                               0x00000000   Number         0  handlers.o ABSOLUTE
    init.s                                   0x00000000   Number         0  init.o ABSOLUTE
    RESET                                    0x08000000   Section      428  startup_stm32f439xx.o(RESET)
    .ARM.Collect$$$$00000000                 0x080001ac   Section        0  entry.o(.ARM.Collect$$$$00000000)
    .ARM.Collect$$$$00000001                 0x080001ac   Section        4  entry2.o(.ARM.Collect$$$$00000001)
    .ARM.Collect$$$$00000004                 0x080001b0   Section        4  entry5.o(.ARM.Collect$$$$00000004)
    .ARM.Collect$$$$00000008                 0x080001b4   Section        0  entry7b.o(.ARM.Collect$$$$00000008)
    .ARM.Collect$$$$0000000A                 0x080001b4   Section        0  entry8b.o(.ARM.Collect$$$$0000000A)
    .ARM.Collect$$$$0000000B                 0x080001b4   Section        8  entry9a.o(.ARM.Collect$$$$0000000B)
    .ARM.Collect$$$$0000000D                 0x080001bc   Section        0  entry10a.o(.ARM.Collect$$$$0000000D)
    .ARM.Collect$$$$0000000F                 0x080001bc   Section        0  entry11a.o(.ARM.Collect$$$$0000000F)
    .ARM.Collect$$$$00002712                 0x080001bc   Section        4  entry2.o(.ARM.Collect$$$$00002712)
    __lit__00000000                          0x080001bc   Data           4  entry2.o(.ARM.Collect$$$$00002712)
    .text                                    0x080001c0   Section       36  startup_stm32f439xx.o(.text)
    $v0                                      0x080001c0   Number         0  startup_stm32f439xx.o(.text)
    .text                                    0x080001e4   Section        0  memcpya.o(.text)
    .text                                    0x08000208   Section        0  uidiv.o(.text)
    .text                                    0x08000234   Section       36  init.o(.text)
    i.ADC_Init                               0x08000258   Section        0  stm32f4xx_hal_adc.o(i.ADC_Init)
    ADC_Init                                 0x08000259   Thumb Code   300  stm32f4xx_hal_adc.o(i.ADC_Init)
    i.DCMI_IRQHandler                        0x0800038c   Section        0  stm32f4xx_it.o(i.DCMI_IRQHandler)
    i.DMA1_Stream0_IRQHandler                0x08000398   Section        0  stm32f4xx_it.o(i.DMA1_Stream0_IRQHandler)
    i.DMA1_Stream6_IRQHandler                0x080003a4   Section        0  stm32f4xx_it.o(i.DMA1_Stream6_IRQHandler)
    i.DMA2DGRPH_Fill                         0x080003b0   Section        0  graph.o(i.DMA2DGRPH_Fill)
    i.DMA2D_Convert565ToARGB8888             0x08000414   Section        0  graph.o(i.DMA2D_Convert565ToARGB8888)
    i.DMA2D_SetConfig                        0x08000430   Section        0  stm32f4xx_hal_dma2d.o(i.DMA2D_SetConfig)
    DMA2D_SetConfig                          0x08000431   Thumb Code   142  stm32f4xx_hal_dma2d.o(i.DMA2D_SetConfig)
    i.DMA2_Stream1_IRQHandler                0x080004c0   Section        0  stm32f4xx_it.o(i.DMA2_Stream1_IRQHandler)
    i.DMA2_Stream2_IRQHandler                0x080004cc   Section        0  stm32f4xx_it.o(i.DMA2_Stream2_IRQHandler)
    i.DMA2_Stream7_IRQHandler                0x080004d8   Section        0  stm32f4xx_it.o(i.DMA2_Stream7_IRQHandler)
    i.DMA_CalcBaseAndBitshift                0x080004e4   Section        0  stm32f4xx_hal_dma.o(i.DMA_CalcBaseAndBitshift)
    DMA_CalcBaseAndBitshift                  0x080004e5   Thumb Code    34  stm32f4xx_hal_dma.o(i.DMA_CalcBaseAndBitshift)
    i.FMC_IRQHandler                         0x0800050c   Section        0  stm32f4xx_it.o(i.FMC_IRQHandler)
    i.FMC_SDRAM_Init                         0x08000518   Section        0  stm32f4xx_ll_fmc.o(i.FMC_SDRAM_Init)
    i.FMC_SDRAM_ProgramRefreshRate           0x08000564   Section        0  stm32f4xx_ll_fmc.o(i.FMC_SDRAM_ProgramRefreshRate)
    i.FMC_SDRAM_SendCommand                  0x08000570   Section        0  stm32f4xx_ll_fmc.o(i.FMC_SDRAM_SendCommand)
    i.FMC_SDRAM_Timing_Init                  0x080005b8   Section        0  stm32f4xx_ll_fmc.o(i.FMC_SDRAM_Timing_Init)
    i.GRPH_DrawCircle                        0x08000634   Section        0  graph.o(i.GRPH_DrawCircle)
    i.GRPH_DrawLine                          0x080006e6   Section        0  graph.o(i.GRPH_DrawLine)
    i.GRPH_DrawPixel                         0x08000770   Section        0  graph.o(i.GRPH_DrawPixel)
    i.GRPH_DrawRect                          0x0800078c   Section        0  graph.o(i.GRPH_DrawRect)
    i.GRPH_Init                              0x080007dc   Section        0  graph.o(i.GRPH_Init)
    i.GRPH_Putc                              0x08000804   Section        0  graph.o(i.GRPH_Putc)
    i.GRPH_Puts                              0x080008ac   Section        0  graph.o(i.GRPH_Puts)
    i.GRPH_SetXY                             0x080008c8   Section        0  graph.o(i.GRPH_SetXY)
    i.HAL_ADC_ConfigChannel                  0x080008e0   Section        0  stm32f4xx_hal_adc.o(i.HAL_ADC_ConfigChannel)
    i.HAL_ADC_Init                           0x08000a34   Section        0  stm32f4xx_hal_adc.o(i.HAL_ADC_Init)
    i.HAL_ADC_MspInit                        0x08000a70   Section        0  adc.o(i.HAL_ADC_MspInit)
    i.HAL_DCMI_ErrorCallback                 0x08000ab4   Section        0  stm32f4xx_hal_dcmi.o(i.HAL_DCMI_ErrorCallback)
    i.HAL_DCMI_FrameEventCallback            0x08000ab6   Section        0  stm32f4xx_hal_dcmi.o(i.HAL_DCMI_FrameEventCallback)
    i.HAL_DCMI_IRQHandler                    0x08000ab8   Section        0  stm32f4xx_hal_dcmi.o(i.HAL_DCMI_IRQHandler)
    i.HAL_DCMI_Init                          0x08000b9c   Section        0  stm32f4xx_hal_dcmi_ex.o(i.HAL_DCMI_Init)
    i.HAL_DCMI_LineEventCallback             0x08000c48   Section        0  stm32f4xx_hal_dcmi.o(i.HAL_DCMI_LineEventCallback)
    i.HAL_DCMI_MspInit                       0x08000c4c   Section        0  dcmi.o(i.HAL_DCMI_MspInit)
    i.HAL_DCMI_VsyncEventCallback            0x08000d58   Section        0  stm32f4xx_hal_dcmi.o(i.HAL_DCMI_VsyncEventCallback)
    i.HAL_DMA2D_ConfigLayer                  0x08000d5c   Section        0  stm32f4xx_hal_dma2d.o(i.HAL_DMA2D_ConfigLayer)
    i.HAL_DMA2D_Init                         0x08000e38   Section        0  stm32f4xx_hal_dma2d.o(i.HAL_DMA2D_Init)
    i.HAL_DMA2D_MspInit                      0x08000e94   Section        0  dma2d.o(i.HAL_DMA2D_MspInit)
    i.HAL_DMA2D_PollForTransfer              0x08000ebc   Section        0  stm32f4xx_hal_dma2d.o(i.HAL_DMA2D_PollForTransfer)
    i.HAL_DMA2D_Start                        0x08000f9c   Section        0  stm32f4xx_hal_dma2d.o(i.HAL_DMA2D_Start)
    i.HAL_DMA_Abort                          0x08000fdc   Section        0  stm32f4xx_hal_dma.o(i.HAL_DMA_Abort)
    i.HAL_DMA_IRQHandler                     0x08001030   Section        0  stm32f4xx_hal_dma.o(i.HAL_DMA_IRQHandler)
    i.HAL_DMA_Init                           0x080011d0   Section        0  stm32f4xx_hal_dma.o(i.HAL_DMA_Init)
    i.HAL_Delay                              0x08001248   Section        0  stm32f4xx_hal.o(i.HAL_Delay)
    i.HAL_FMC_MspInit                        0x08001260   Section        0  fmc.o(i.HAL_FMC_MspInit)
    HAL_FMC_MspInit                          0x08001261   Thumb Code   140  fmc.o(i.HAL_FMC_MspInit)
    i.HAL_GPIO_Init                          0x08001308   Section        0  stm32f4xx_hal_gpio.o(i.HAL_GPIO_Init)
    i.HAL_GetTick                            0x080014d4   Section        0  stm32f4xx_hal.o(i.HAL_GetTick)
    i.HAL_I2C_ER_IRQHandler                  0x080014e0   Section        0  stm32f4xx_hal_i2c.o(i.HAL_I2C_ER_IRQHandler)
    i.HAL_I2C_EV_IRQHandler                  0x080015b8   Section        0  stm32f4xx_hal_i2c.o(i.HAL_I2C_EV_IRQHandler)
    i.HAL_I2C_ErrorCallback                  0x0800174e   Section        0  stm32f4xx_hal_i2c.o(i.HAL_I2C_ErrorCallback)
    i.HAL_I2C_GetError                       0x08001750   Section        0  stm32f4xx_hal_i2c.o(i.HAL_I2C_GetError)
    i.HAL_I2C_GetState                       0x08001754   Section        0  stm32f4xx_hal_i2c.o(i.HAL_I2C_GetState)
    i.HAL_I2C_Init                           0x0800175c   Section        0  stm32f4xx_hal_i2c.o(i.HAL_I2C_Init)
    i.HAL_I2C_MasterRxCpltCallback           0x0800185c   Section        0  stm32f4xx_hal_i2c.o(i.HAL_I2C_MasterRxCpltCallback)
    i.HAL_I2C_MasterTxCpltCallback           0x0800185e   Section        0  stm32f4xx_hal_i2c.o(i.HAL_I2C_MasterTxCpltCallback)
    i.HAL_I2C_Master_Receive                 0x08001860   Section        0  stm32f4xx_hal_i2c.o(i.HAL_I2C_Master_Receive)
    i.HAL_I2C_Master_Transmit                0x08001a20   Section        0  stm32f4xx_hal_i2c.o(i.HAL_I2C_Master_Transmit)
    i.HAL_I2C_MemRxCpltCallback              0x08001b08   Section        0  stm32f4xx_hal_i2c.o(i.HAL_I2C_MemRxCpltCallback)
    i.HAL_I2C_MemTxCpltCallback              0x08001b0a   Section        0  stm32f4xx_hal_i2c.o(i.HAL_I2C_MemTxCpltCallback)
    i.HAL_I2C_MspInit                        0x08001b0c   Section        0  i2c.o(i.HAL_I2C_MspInit)
    i.HAL_I2C_SlaveRxCpltCallback            0x08001be0   Section        0  stm32f4xx_hal_i2c.o(i.HAL_I2C_SlaveRxCpltCallback)
    i.HAL_I2C_SlaveTxCpltCallback            0x08001be2   Section        0  stm32f4xx_hal_i2c.o(i.HAL_I2C_SlaveTxCpltCallback)
    i.HAL_IncTick                            0x08001be4   Section        0  stm32f4xx_hal.o(i.HAL_IncTick)
    i.HAL_Init                               0x08001bf4   Section        0  stm32f4xx_hal.o(i.HAL_Init)
    i.HAL_InitTick                           0x08001c28   Section        0  stm32f4xx_hal.o(i.HAL_InitTick)
    i.HAL_LTDC_ConfigLayer                   0x08001c4a   Section        0  stm32f4xx_hal_ltdc.o(i.HAL_LTDC_ConfigLayer)
    i.HAL_LTDC_ErrorCallback                 0x08001c9c   Section        0  stm32f4xx_hal_ltdc.o(i.HAL_LTDC_ErrorCallback)
    i.HAL_LTDC_IRQHandler                    0x08001c9e   Section        0  stm32f4xx_hal_ltdc.o(i.HAL_LTDC_IRQHandler)
    i.HAL_LTDC_Init                          0x08001d40   Section        0  stm32f4xx_hal_ltdc.o(i.HAL_LTDC_Init)
    i.HAL_LTDC_LineEventCallback             0x08001e3c   Section        0  stm32f4xx_hal_ltdc.o(i.HAL_LTDC_LineEventCallback)
    i.HAL_LTDC_MspInit                       0x08001e40   Section        0  ltdc.o(i.HAL_LTDC_MspInit)
    i.HAL_LTDC_SetAlpha                      0x08001f7c   Section        0  stm32f4xx_hal_ltdc.o(i.HAL_LTDC_SetAlpha)
    i.HAL_MspInit                            0x08001fc0   Section        0  stm32f4xx_hal_msp.o(i.HAL_MspInit)
    i.HAL_NVIC_EnableIRQ                     0x08001fe6   Section        0  stm32f4xx_hal_cortex.o(i.HAL_NVIC_EnableIRQ)
    i.HAL_NVIC_SetPriority                   0x08001ffc   Section        0  stm32f4xx_hal_cortex.o(i.HAL_NVIC_SetPriority)
    i.HAL_NVIC_SetPriorityGrouping           0x0800203c   Section        0  stm32f4xx_hal_cortex.o(i.HAL_NVIC_SetPriorityGrouping)
    i.HAL_PWREx_EnableOverDrive              0x08002060   Section        0  stm32f4xx_hal_pwr_ex.o(i.HAL_PWREx_EnableOverDrive)
    i.HAL_RCCEx_PeriphCLKConfig              0x080020ec   Section        0  stm32f4xx_hal_rcc_ex.o(i.HAL_RCCEx_PeriphCLKConfig)
    i.HAL_RCC_ClockConfig                    0x080023a4   Section        0  stm32f4xx_hal_rcc.o(i.HAL_RCC_ClockConfig)
    i.HAL_RCC_GetHCLKFreq                    0x080025b0   Section        0  stm32f4xx_hal_rcc.o(i.HAL_RCC_GetHCLKFreq)
    i.HAL_RCC_GetPCLK1Freq                   0x080025e4   Section        0  stm32f4xx_hal_rcc.o(i.HAL_RCC_GetPCLK1Freq)
    i.HAL_RCC_GetPCLK2Freq                   0x08002610   Section        0  stm32f4xx_hal_rcc.o(i.HAL_RCC_GetPCLK2Freq)
    i.HAL_RCC_GetSysClockFreq                0x0800263c   Section        0  stm32f4xx_hal_rcc.o(i.HAL_RCC_GetSysClockFreq)
    i.HAL_RCC_OscConfig                      0x080026b0   Section        0  stm32f4xx_hal_rcc.o(i.HAL_RCC_OscConfig)
    i.HAL_SDRAM_IRQHandler                   0x080029ec   Section        0  stm32f4xx_hal_sdram.o(i.HAL_SDRAM_IRQHandler)
    i.HAL_SDRAM_Init                         0x08002a0a   Section        0  stm32f4xx_hal_sdram.o(i.HAL_SDRAM_Init)
    i.HAL_SDRAM_MspInit                      0x08002a4c   Section        0  fmc.o(i.HAL_SDRAM_MspInit)
    i.HAL_SDRAM_ProgramRefreshRate           0x08002a50   Section        0  stm32f4xx_hal_sdram.o(i.HAL_SDRAM_ProgramRefreshRate)
    i.HAL_SDRAM_RefreshErrorCallback         0x08002a72   Section        0  stm32f4xx_hal_sdram.o(i.HAL_SDRAM_RefreshErrorCallback)
    i.HAL_SDRAM_SendCommand                  0x08002a74   Section        0  stm32f4xx_hal_sdram.o(i.HAL_SDRAM_SendCommand)
    i.HAL_SYSTICK_CLKSourceConfig            0x08002aa4   Section        0  stm32f4xx_hal_cortex.o(i.HAL_SYSTICK_CLKSourceConfig)
    i.HAL_SYSTICK_Callback                   0x08002abc   Section        0  stm32f4xx_hal_cortex.o(i.HAL_SYSTICK_Callback)
    i.HAL_SYSTICK_Config                     0x08002abe   Section        0  stm32f4xx_hal_cortex.o(i.HAL_SYSTICK_Config)
    i.HAL_SYSTICK_IRQHandler                 0x08002ae6   Section        0  stm32f4xx_hal_cortex.o(i.HAL_SYSTICK_IRQHandler)
    i.HAL_UART_ErrorCallback                 0x08002aee   Section        0  stm32f4xx_hal_uart.o(i.HAL_UART_ErrorCallback)
    i.HAL_UART_IRQHandler                    0x08002af0   Section        0  stm32f4xx_hal_uart.o(i.HAL_UART_IRQHandler)
    i.HAL_UART_Init                          0x08002bfa   Section        0  stm32f4xx_hal_uart.o(i.HAL_UART_Init)
    i.HAL_UART_MspInit                       0x08002c58   Section        0  usart.o(i.HAL_UART_MspInit)
    i.HAL_UART_RxCpltCallback                0x08002d1c   Section        0  stm32f4xx_hal_uart.o(i.HAL_UART_RxCpltCallback)
    i.HAL_UART_TxCpltCallback                0x08002d1e   Section        0  stm32f4xx_hal_uart.o(i.HAL_UART_TxCpltCallback)
    i.I2C1_ER_IRQHandler                     0x08002d20   Section        0  stm32f4xx_it.o(i.I2C1_ER_IRQHandler)
    i.I2C1_EV_IRQHandler                     0x08002d2c   Section        0  stm32f4xx_it.o(i.I2C1_EV_IRQHandler)
    i.I2C1_ReadBuffer                        0x08002d38   Section        0  i2c.o(i.I2C1_ReadBuffer)
    i.I2C1_WriteBuffer                       0x08002d74   Section        0  i2c.o(i.I2C1_WriteBuffer)
    i.I2C_MasterReceive_BTF                  0x08002db0   Section        0  stm32f4xx_hal_i2c.o(i.I2C_MasterReceive_BTF)
    I2C_MasterReceive_BTF                    0x08002db1   Thumb Code   128  stm32f4xx_hal_i2c.o(i.I2C_MasterReceive_BTF)
    i.I2C_MasterReceive_RXNE                 0x08002e30   Section        0  stm32f4xx_hal_i2c.o(i.I2C_MasterReceive_RXNE)
    I2C_MasterReceive_RXNE                   0x08002e31   Thumb Code   100  stm32f4xx_hal_i2c.o(i.I2C_MasterReceive_RXNE)
    i.I2C_MasterRequestRead                  0x08002e94   Section        0  stm32f4xx_hal_i2c.o(i.I2C_MasterRequestRead)
    I2C_MasterRequestRead                    0x08002e95   Thumb Code   186  stm32f4xx_hal_i2c.o(i.I2C_MasterRequestRead)
    i.I2C_MasterRequestWrite                 0x08002f50   Section        0  stm32f4xx_hal_i2c.o(i.I2C_MasterRequestWrite)
    I2C_MasterRequestWrite                   0x08002f51   Thumb Code   112  stm32f4xx_hal_i2c.o(i.I2C_MasterRequestWrite)
    i.I2C_WaitOnFlagUntilTimeout             0x08002fc4   Section        0  stm32f4xx_hal_i2c.o(i.I2C_WaitOnFlagUntilTimeout)
    I2C_WaitOnFlagUntilTimeout               0x08002fc5   Thumb Code   138  stm32f4xx_hal_i2c.o(i.I2C_WaitOnFlagUntilTimeout)
    i.I2C_WaitOnMasterAddressFlagUntilTimeout 0x08003050   Section        0  stm32f4xx_hal_i2c.o(i.I2C_WaitOnMasterAddressFlagUntilTimeout)
    I2C_WaitOnMasterAddressFlagUntilTimeout  0x08003051   Thumb Code   136  stm32f4xx_hal_i2c.o(i.I2C_WaitOnMasterAddressFlagUntilTimeout)
    i.ITG_GetXYZ                             0x080030d8   Section        0  itg3200.o(i.ITG_GetXYZ)
    i.ITG_Init                               0x08003110   Section        0  itg3200.o(i.ITG_Init)
    i.ITG_SetDLPF_Config                     0x08003116   Section        0  itg3200.o(i.ITG_SetDLPF_Config)
    i.ITG_WriteByte                          0x08003120   Section        0  itg3200.o(i.ITG_WriteByte)
    i.LTDC_ER_IRQHandler                     0x08003138   Section        0  stm32f4xx_it.o(i.LTDC_ER_IRQHandler)
    i.LTDC_IRQHandler                        0x08003144   Section        0  stm32f4xx_it.o(i.LTDC_IRQHandler)
    i.LTDC_SetConfig                         0x08003150   Section        0  stm32f4xx_hal_ltdc.o(i.LTDC_SetConfig)
    LTDC_SetConfig                           0x08003151   Thumb Code   354  stm32f4xx_hal_ltdc.o(i.LTDC_SetConfig)
    i.MX_ADC1_Init                           0x080032b4   Section        0  adc.o(i.MX_ADC1_Init)
    i.MX_DCMI_Init                           0x08003314   Section        0  dcmi.o(i.MX_DCMI_Init)
    i.MX_DMA2D_Init                          0x08003338   Section        0  dma2d.o(i.MX_DMA2D_Init)
    i.MX_DMA_Init                            0x0800336c   Section        0  dma.o(i.MX_DMA_Init)
    i.MX_FMC_Init                            0x08003420   Section        0  fmc.o(i.MX_FMC_Init)
    i.MX_GPIO_Init                           0x0800346c   Section        0  gpio.o(i.MX_GPIO_Init)
    i.MX_I2C1_Init                           0x08003508   Section        0  i2c.o(i.MX_I2C1_Init)
    i.MX_LTDC_Init                           0x0800353c   Section        0  ltdc.o(i.MX_LTDC_Init)
    i.MX_USART1_UART_Init                    0x080035f8   Section        0  usart.o(i.MX_USART1_UART_Init)
    i.NVIC_SetPriority                       0x08003624   Section        0  stm32f4xx_hal_cortex.o(i.NVIC_SetPriority)
    NVIC_SetPriority                         0x08003625   Thumb Code    32  stm32f4xx_hal_cortex.o(i.NVIC_SetPriority)
    i.RCC_IRQHandler                         0x08003644   Section        0  stm32f4xx_it.o(i.RCC_IRQHandler)
    i.SDRAM_Init                             0x08003648   Section        0  sdram.o(i.SDRAM_Init)
    i.SVGA_Init                              0x080036dc   Section        0  svga050.o(i.SVGA_Init)
    i.SVGA_SetDisplayOff                     0x0800370a   Section        0  svga050.o(i.SVGA_SetDisplayOff)
    i.SVGA_SetInputVideoType                 0x08003718   Section        0  svga050.o(i.SVGA_SetInputVideoType)
    i.SVGA_SetTestPattern                    0x08003728   Section        0  svga050.o(i.SVGA_SetTestPattern)
    i.SVGA_SetVcomLevel                      0x08003770   Section        0  svga050.o(i.SVGA_SetVcomLevel)
    i.SVGA_Write                             0x08003778   Section        0  svga050.o(i.SVGA_Write)
    i.SysTick_Handler                        0x0800378e   Section        0  stm32f4xx_it.o(i.SysTick_Handler)
    i.SystemClock_Config                     0x0800379c   Section        0  main.o(i.SystemClock_Config)
    i.SystemInit                             0x0800383c   Section        0  system_stm32f4xx.o(i.SystemInit)
    i.UART_Receive_IT                        0x08003890   Section        0  stm32f4xx_hal_uart.o(i.UART_Receive_IT)
    UART_Receive_IT                          0x08003891   Thumb Code   168  stm32f4xx_hal_uart.o(i.UART_Receive_IT)
    i.UART_SetConfig                         0x08003938   Section        0  stm32f4xx_hal_uart.o(i.UART_SetConfig)
    UART_SetConfig                           0x08003939   Thumb Code   366  stm32f4xx_hal_uart.o(i.UART_SetConfig)
    i.UART_Transmit_IT                       0x08003ab0   Section        0  stm32f4xx_hal_uart.o(i.UART_Transmit_IT)
    UART_Transmit_IT                         0x08003ab1   Thumb Code   102  stm32f4xx_hal_uart.o(i.UART_Transmit_IT)
    i.USART1_IRQHandler                      0x08003b18   Section        0  stm32f4xx_it.o(i.USART1_IRQHandler)
    i.__0sprintf$1                           0x08003b24   Section        0  printf1.o(i.__0sprintf$1)
    i.__scatterload_copy                     0x08003b4c   Section       14  handlers.o(i.__scatterload_copy)
    i.__scatterload_null                     0x08003b5a   Section        2  handlers.o(i.__scatterload_null)
    i.__scatterload_zeroinit                 0x08003b5c   Section       14  handlers.o(i.__scatterload_zeroinit)
    i._printf_core                           0x08003b6c   Section        0  printf1.o(i._printf_core)
    _printf_core                             0x08003b6d   Thumb Code   336  printf1.o(i._printf_core)
    i._sputc                                 0x08003cc0   Section        0  printf1.o(i._sputc)
    _sputc                                   0x08003cc1   Thumb Code    10  printf1.o(i._sputc)
    i.main                                   0x08003ccc   Section        0  main.o(i.main)
    .constdata                               0x08003db0   Section     1900  font_7_10.o(.constdata)
    .constdata                               0x0800451c   Section        8  stm32f4xx_hal_dma.o(.constdata)
    flagBitshiftOffset                       0x0800451c   Data           8  stm32f4xx_hal_dma.o(.constdata)
    .constdata                               0x08004524   Section       16  stm32f4xx_hal_rcc.o(.constdata)
    .data                                    0x20000000   Section        4  system_stm32f4xx.o(.data)
    .data                                    0x20000004   Section        8  fmc.o(.data)
    FMC_Initialized                          0x20000004   Data           4  fmc.o(.data)
    FMC_DeInitialized                        0x20000008   Data           4  fmc.o(.data)
    .data                                    0x2000000c   Section       12  main.o(.data)
    .data                                    0x20000018   Section        8  font_7_10.o(.data)
    .data                                    0x20000020   Section        4  stm32f4xx_hal.o(.data)
    uwTick                                   0x20000020   Data           4  stm32f4xx_hal.o(.data)
    .bss                                     0x20000024   Section      168  ltdc.o(.bss)
    .bss                                     0x200000cc   Section      240  usart.o(.bss)
    .bss                                     0x200001bc   Section      236  i2c.o(.bss)
    .bss                                     0x200002a8   Section       52  fmc.o(.bss)
    .bss                                     0x200002dc   Section       88  dma.o(.bss)
    .bss                                     0x20000334   Section       68  adc.o(.bss)
    .bss                                     0x20000378   Section      152  dcmi.o(.bss)
    .bss                                     0x20000410   Section       36  graph.o(.bss)
    LCD                                      0x20000410   Data          36  graph.o(.bss)
    .bss                                     0x20000434   Section       64  dma2d.o(.bss)
    STACK                                    0x20000478   Section     1024  startup_stm32f439xx.o(STACK)

    Global Symbols

    Symbol Name                              Value     Ov Type        Size  Object(Section)

    BuildAttributes$$THM_ISAv4$E$P$D$K$B$S$7EM$VFPi3$EXTD16$VFPS$VFMA$PE$A:L22UL41UL21$X:L11$S22US41US21$IEEE1$IW$USESV6$~STKCKD$USESV7$~SHL$OTIME$ROPI$EBA8$MICROLIB$REQ8$PRES8$EABIv2 0x00000000   Number         0  anon$$obj.o ABSOLUTE
    __ARM_use_no_argv                        0x00000000   Number         0  main.o ABSOLUTE
    _printf_a                                0x00000000   Number         0  stubs.o ABSOLUTE
    _printf_c                                0x00000000   Number         0  stubs.o ABSOLUTE
    _printf_charcount                        0x00000000   Number         0  stubs.o ABSOLUTE
    _printf_d                                0x00000000   Number         0  stubs.o ABSOLUTE
    _printf_e                                0x00000000   Number         0  stubs.o ABSOLUTE
    _printf_f                                0x00000000   Number         0  stubs.o ABSOLUTE
    _printf_flags                            0x00000000   Number         0  stubs.o ABSOLUTE
    _printf_fp_dec                           0x00000000   Number         0  stubs.o ABSOLUTE
    _printf_fp_hex                           0x00000000   Number         0  stubs.o ABSOLUTE
    _printf_g                                0x00000000   Number         0  stubs.o ABSOLUTE
    _printf_i                                0x00000000   Number         0  stubs.o ABSOLUTE
    _printf_int_dec                          0x00000000   Number         0  stubs.o ABSOLUTE
    _printf_l                                0x00000000   Number         0  stubs.o ABSOLUTE
    _printf_lc                               0x00000000   Number         0  stubs.o ABSOLUTE
    _printf_ll                               0x00000000   Number         0  stubs.o ABSOLUTE
    _printf_lld                              0x00000000   Number         0  stubs.o ABSOLUTE
    _printf_lli                              0x00000000   Number         0  stubs.o ABSOLUTE
    _printf_llo                              0x00000000   Number         0  stubs.o ABSOLUTE
    _printf_llu                              0x00000000   Number         0  stubs.o ABSOLUTE
    _printf_llx                              0x00000000   Number         0  stubs.o ABSOLUTE
    _printf_longlong_dec                     0x00000000   Number         0  stubs.o ABSOLUTE
    _printf_longlong_hex                     0x00000000   Number         0  stubs.o ABSOLUTE
    _printf_longlong_oct                     0x00000000   Number         0  stubs.o ABSOLUTE
    _printf_ls                               0x00000000   Number         0  stubs.o ABSOLUTE
    _printf_mbtowc                           0x00000000   Number         0  stubs.o ABSOLUTE
    _printf_n                                0x00000000   Number         0  stubs.o ABSOLUTE
    _printf_o                                0x00000000   Number         0  stubs.o ABSOLUTE
    _printf_p                                0x00000000   Number         0  stubs.o ABSOLUTE
    _printf_percent                          0x00000000   Number         0  stubs.o ABSOLUTE
    _printf_pre_padding                      0x00000000   Number         0  stubs.o ABSOLUTE
    _printf_return_value                     0x00000000   Number         0  stubs.o ABSOLUTE
    _printf_s                                0x00000000   Number         0  stubs.o ABSOLUTE
    _printf_sizespec                         0x00000000   Number         0  stubs.o ABSOLUTE
    _printf_str                              0x00000000   Number         0  stubs.o ABSOLUTE
    _printf_truncate_signed                  0x00000000   Number         0  stubs.o ABSOLUTE
    _printf_truncate_unsigned                0x00000000   Number         0  stubs.o ABSOLUTE
    _printf_u                                0x00000000   Number         0  stubs.o ABSOLUTE
    _printf_wc                               0x00000000   Number         0  stubs.o ABSOLUTE
    _printf_wctomb                           0x00000000   Number         0  stubs.o ABSOLUTE
    _printf_widthprec                        0x00000000   Number         0  stubs.o ABSOLUTE
    _printf_x                                0x00000000   Number         0  stubs.o ABSOLUTE
    __cpp_initialize__aeabi_                  - Undefined Weak Reference
    __cxa_finalize                            - Undefined Weak Reference
    __decompress                              - Undefined Weak Reference
    _clock_init                               - Undefined Weak Reference
    _microlib_exit                            - Undefined Weak Reference
    __Vectors_Size                           0x000001ac   Number         0  startup_stm32f439xx.o ABSOLUTE
    __Vectors                                0x08000000   Data           4  startup_stm32f439xx.o(RESET)
    __Vectors_End                            0x080001ac   Data           0  startup_stm32f439xx.o(RESET)
    __main                                   0x080001ad   Thumb Code     0  entry.o(.ARM.Collect$$$$00000000)
    _main_stk                                0x080001ad   Thumb Code     0  entry2.o(.ARM.Collect$$$$00000001)
    _main_scatterload                        0x080001b1   Thumb Code     0  entry5.o(.ARM.Collect$$$$00000004)
    __main_after_scatterload                 0x080001b5   Thumb Code     0  entry5.o(.ARM.Collect$$$$00000004)
    _main_clock                              0x080001b5   Thumb Code     0  entry7b.o(.ARM.Collect$$$$00000008)
    _main_cpp_init                           0x080001b5   Thumb Code     0  entry8b.o(.ARM.Collect$$$$0000000A)
    _main_init                               0x080001b5   Thumb Code     0  entry9a.o(.ARM.Collect$$$$0000000B)
    __rt_final_cpp                           0x080001bd   Thumb Code     0  entry10a.o(.ARM.Collect$$$$0000000D)
    __rt_final_exit                          0x080001bd   Thumb Code     0  entry11a.o(.ARM.Collect$$$$0000000F)
    Reset_Handler                            0x080001c1   Thumb Code     8  startup_stm32f439xx.o(.text)
    NMI_Handler                              0x080001c9   Thumb Code     2  startup_stm32f439xx.o(.text)
    HardFault_Handler                        0x080001cb   Thumb Code     2  startup_stm32f439xx.o(.text)
    MemManage_Handler                        0x080001cd   Thumb Code     2  startup_stm32f439xx.o(.text)
    BusFault_Handler                         0x080001cf   Thumb Code     2  startup_stm32f439xx.o(.text)
    UsageFault_Handler                       0x080001d1   Thumb Code     2  startup_stm32f439xx.o(.text)
    SVC_Handler                              0x080001d3   Thumb Code     2  startup_stm32f439xx.o(.text)
    DebugMon_Handler                         0x080001d5   Thumb Code     2  startup_stm32f439xx.o(.text)
    PendSV_Handler                           0x080001d7   Thumb Code     2  startup_stm32f439xx.o(.text)
    ADC_IRQHandler                           0x080001db   Thumb Code     0  startup_stm32f439xx.o(.text)
    CAN1_RX0_IRQHandler                      0x080001db   Thumb Code     0  startup_stm32f439xx.o(.text)
    CAN1_RX1_IRQHandler                      0x080001db   Thumb Code     0  startup_stm32f439xx.o(.text)
    CAN1_SCE_IRQHandler                      0x080001db   Thumb Code     0  startup_stm32f439xx.o(.text)
    CAN1_TX_IRQHandler                       0x080001db   Thumb Code     0  startup_stm32f439xx.o(.text)
    CAN2_RX0_IRQHandler                      0x080001db   Thumb Code     0  startup_stm32f439xx.o(.text)
    CAN2_RX1_IRQHandler                      0x080001db   Thumb Code     0  startup_stm32f439xx.o(.text)
    CAN2_SCE_IRQHandler                      0x080001db   Thumb Code     0  startup_stm32f439xx.o(.text)
    CAN2_TX_IRQHandler                       0x080001db   Thumb Code     0  startup_stm32f439xx.o(.text)
    CRYP_IRQHandler                          0x080001db   Thumb Code     0  startup_stm32f439xx.o(.text)
    DMA1_Stream1_IRQHandler                  0x080001db   Thumb Code     0  startup_stm32f439xx.o(.text)
    DMA1_Stream2_IRQHandler                  0x080001db   Thumb Code     0  startup_stm32f439xx.o(.text)
    DMA1_Stream3_IRQHandler                  0x080001db   Thumb Code     0  startup_stm32f439xx.o(.text)
    DMA1_Stream4_IRQHandler                  0x080001db   Thumb Code     0  startup_stm32f439xx.o(.text)
    DMA1_Stream5_IRQHandler                  0x080001db   Thumb Code     0  startup_stm32f439xx.o(.text)
    DMA1_Stream7_IRQHandler                  0x080001db   Thumb Code     0  startup_stm32f439xx.o(.text)
    DMA2D_IRQHandler                         0x080001db   Thumb Code     0  startup_stm32f439xx.o(.text)
    DMA2_Stream0_IRQHandler                  0x080001db   Thumb Code     0  startup_stm32f439xx.o(.text)
    DMA2_Stream3_IRQHandler                  0x080001db   Thumb Code     0  startup_stm32f439xx.o(.text)
    DMA2_Stream4_IRQHandler                  0x080001db   Thumb Code     0  startup_stm32f439xx.o(.text)
    DMA2_Stream5_IRQHandler                  0x080001db   Thumb Code     0  startup_stm32f439xx.o(.text)
    DMA2_Stream6_IRQHandler                  0x080001db   Thumb Code     0  startup_stm32f439xx.o(.text)
    ETH_IRQHandler                           0x080001db   Thumb Code     0  startup_stm32f439xx.o(.text)
    ETH_WKUP_IRQHandler                      0x080001db   Thumb Code     0  startup_stm32f439xx.o(.text)
    EXTI0_IRQHandler                         0x080001db   Thumb Code     0  startup_stm32f439xx.o(.text)
    EXTI15_10_IRQHandler                     0x080001db   Thumb Code     0  startup_stm32f439xx.o(.text)
    EXTI1_IRQHandler                         0x080001db   Thumb Code     0  startup_stm32f439xx.o(.text)
    EXTI2_IRQHandler                         0x080001db   Thumb Code     0  startup_stm32f439xx.o(.text)
    EXTI3_IRQHandler                         0x080001db   Thumb Code     0  startup_stm32f439xx.o(.text)
    EXTI4_IRQHandler                         0x080001db   Thumb Code     0  startup_stm32f439xx.o(.text)
    EXTI9_5_IRQHandler                       0x080001db   Thumb Code     0  startup_stm32f439xx.o(.text)
    FLASH_IRQHandler                         0x080001db   Thumb Code     0  startup_stm32f439xx.o(.text)
    FPU_IRQHandler                           0x080001db   Thumb Code     0  startup_stm32f439xx.o(.text)
    HASH_RNG_IRQHandler                      0x080001db   Thumb Code     0  startup_stm32f439xx.o(.text)
    I2C2_ER_IRQHandler                       0x080001db   Thumb Code     0  startup_stm32f439xx.o(.text)
    I2C2_EV_IRQHandler                       0x080001db   Thumb Code     0  startup_stm32f439xx.o(.text)
    I2C3_ER_IRQHandler                       0x080001db   Thumb Code     0  startup_stm32f439xx.o(.text)
    I2C3_EV_IRQHandler                       0x080001db   Thumb Code     0  startup_stm32f439xx.o(.text)
    OTG_FS_IRQHandler                        0x080001db   Thumb Code     0  startup_stm32f439xx.o(.text)
    OTG_FS_WKUP_IRQHandler                   0x080001db   Thumb Code     0  startup_stm32f439xx.o(.text)
    OTG_HS_EP1_IN_IRQHandler                 0x080001db   Thumb Code     0  startup_stm32f439xx.o(.text)
    OTG_HS_EP1_OUT_IRQHandler                0x080001db   Thumb Code     0  startup_stm32f439xx.o(.text)
    OTG_HS_IRQHandler                        0x080001db   Thumb Code     0  startup_stm32f439xx.o(.text)
    OTG_HS_WKUP_IRQHandler                   0x080001db   Thumb Code     0  startup_stm32f439xx.o(.text)
    PVD_IRQHandler                           0x080001db   Thumb Code     0  startup_stm32f439xx.o(.text)
    RTC_Alarm_IRQHandler                     0x080001db   Thumb Code     0  startup_stm32f439xx.o(.text)
    RTC_WKUP_IRQHandler                      0x080001db   Thumb Code     0  startup_stm32f439xx.o(.text)
    SAI1_IRQHandler                          0x080001db   Thumb Code     0  startup_stm32f439xx.o(.text)
    SDIO_IRQHandler                          0x080001db   Thumb Code     0  startup_stm32f439xx.o(.text)
    SPI1_IRQHandler                          0x080001db   Thumb Code     0  startup_stm32f439xx.o(.text)
    SPI2_IRQHandler                          0x080001db   Thumb Code     0  startup_stm32f439xx.o(.text)
    SPI3_IRQHandler                          0x080001db   Thumb Code     0  startup_stm32f439xx.o(.text)
    SPI4_IRQHandler                          0x080001db   Thumb Code     0  startup_stm32f439xx.o(.text)
    SPI5_IRQHandler                          0x080001db   Thumb Code     0  startup_stm32f439xx.o(.text)
    SPI6_IRQHandler                          0x080001db   Thumb Code     0  startup_stm32f439xx.o(.text)
    TAMP_STAMP_IRQHandler                    0x080001db   Thumb Code     0  startup_stm32f439xx.o(.text)
    TIM1_BRK_TIM9_IRQHandler                 0x080001db   Thumb Code     0  startup_stm32f439xx.o(.text)
    TIM1_CC_IRQHandler                       0x080001db   Thumb Code     0  startup_stm32f439xx.o(.text)
    TIM1_TRG_COM_TIM11_IRQHandler            0x080001db   Thumb Code     0  startup_stm32f439xx.o(.text)
    TIM1_UP_TIM10_IRQHandler                 0x080001db   Thumb Code     0  startup_stm32f439xx.o(.text)
    TIM2_IRQHandler                          0x080001db   Thumb Code     0  startup_stm32f439xx.o(.text)
    TIM3_IRQHandler                          0x080001db   Thumb Code     0  startup_stm32f439xx.o(.text)
    TIM4_IRQHandler                          0x080001db   Thumb Code     0  startup_stm32f439xx.o(.text)
    TIM5_IRQHandler                          0x080001db   Thumb Code     0  startup_stm32f439xx.o(.text)
    TIM6_DAC_IRQHandler                      0x080001db   Thumb Code     0  startup_stm32f439xx.o(.text)
    TIM7_IRQHandler                          0x080001db   Thumb Code     0  startup_stm32f439xx.o(.text)
    TIM8_BRK_TIM12_IRQHandler                0x080001db   Thumb Code     0  startup_stm32f439xx.o(.text)
    TIM8_CC_IRQHandler                       0x080001db   Thumb Code     0  startup_stm32f439xx.o(.text)
    TIM8_TRG_COM_TIM14_IRQHandler            0x080001db   Thumb Code     0  startup_stm32f439xx.o(.text)
    TIM8_UP_TIM13_IRQHandler                 0x080001db   Thumb Code     0  startup_stm32f439xx.o(.text)
    UART4_IRQHandler                         0x080001db   Thumb Code     0  startup_stm32f439xx.o(.text)
    UART5_IRQHandler                         0x080001db   Thumb Code     0  startup_stm32f439xx.o(.text)
    UART7_IRQHandler                         0x080001db   Thumb Code     0  startup_stm32f439xx.o(.text)
    UART8_IRQHandler                         0x080001db   Thumb Code     0  startup_stm32f439xx.o(.text)
    USART2_IRQHandler                        0x080001db   Thumb Code     0  startup_stm32f439xx.o(.text)
    USART3_IRQHandler                        0x080001db   Thumb Code     0  startup_stm32f439xx.o(.text)
    USART6_IRQHandler                        0x080001db   Thumb Code     0  startup_stm32f439xx.o(.text)
    WWDG_IRQHandler                          0x080001db   Thumb Code     0  startup_stm32f439xx.o(.text)
    __aeabi_memcpy                           0x080001e5   Thumb Code    36  memcpya.o(.text)
    __aeabi_memcpy4                          0x080001e5   Thumb Code     0  memcpya.o(.text)
    __aeabi_memcpy8                          0x080001e5   Thumb Code     0  memcpya.o(.text)
    __aeabi_uidiv                            0x08000209   Thumb Code     0  uidiv.o(.text)
    __aeabi_uidivmod                         0x08000209   Thumb Code    44  uidiv.o(.text)
    __scatterload                            0x08000235   Thumb Code    28  init.o(.text)
    __scatterload_rt2                        0x08000235   Thumb Code     0  init.o(.text)
    DCMI_IRQHandler                          0x0800038d   Thumb Code     6  stm32f4xx_it.o(i.DCMI_IRQHandler)
    DMA1_Stream0_IRQHandler                  0x08000399   Thumb Code     6  stm32f4xx_it.o(i.DMA1_Stream0_IRQHandler)
    DMA1_Stream6_IRQHandler                  0x080003a5   Thumb Code     6  stm32f4xx_it.o(i.DMA1_Stream6_IRQHandler)
    DMA2DGRPH_Fill                           0x080003b1   Thumb Code    90  graph.o(i.DMA2DGRPH_Fill)
    DMA2D_Convert565ToARGB8888               0x08000415   Thumb Code    28  graph.o(i.DMA2D_Convert565ToARGB8888)
    DMA2_Stream1_IRQHandler                  0x080004c1   Thumb Code     6  stm32f4xx_it.o(i.DMA2_Stream1_IRQHandler)
    DMA2_Stream2_IRQHandler                  0x080004cd   Thumb Code     6  stm32f4xx_it.o(i.DMA2_Stream2_IRQHandler)
    DMA2_Stream7_IRQHandler                  0x080004d9   Thumb Code     6  stm32f4xx_it.o(i.DMA2_Stream7_IRQHandler)
    FMC_IRQHandler                           0x0800050d   Thumb Code     6  stm32f4xx_it.o(i.FMC_IRQHandler)
    FMC_SDRAM_Init                           0x08000519   Thumb Code    76  stm32f4xx_ll_fmc.o(i.FMC_SDRAM_Init)
    FMC_SDRAM_ProgramRefreshRate             0x08000565   Thumb Code    12  stm32f4xx_ll_fmc.o(i.FMC_SDRAM_ProgramRefreshRate)
    FMC_SDRAM_SendCommand                    0x08000571   Thumb Code    72  stm32f4xx_ll_fmc.o(i.FMC_SDRAM_SendCommand)
    FMC_SDRAM_Timing_Init                    0x080005b9   Thumb Code   124  stm32f4xx_ll_fmc.o(i.FMC_SDRAM_Timing_Init)
    GRPH_DrawCircle                          0x08000635   Thumb Code   178  graph.o(i.GRPH_DrawCircle)
    GRPH_DrawLine                            0x080006e7   Thumb Code   136  graph.o(i.GRPH_DrawLine)
    GRPH_DrawPixel                           0x08000771   Thumb Code    22  graph.o(i.GRPH_DrawPixel)
    GRPH_DrawRect                            0x0800078d   Thumb Code    80  graph.o(i.GRPH_DrawRect)
    GRPH_Init                                0x080007dd   Thumb Code    32  graph.o(i.GRPH_Init)
    GRPH_Putc                                0x08000805   Thumb Code   164  graph.o(i.GRPH_Putc)
    GRPH_Puts                                0x080008ad   Thumb Code    26  graph.o(i.GRPH_Puts)
    GRPH_SetXY                               0x080008c9   Thumb Code    20  graph.o(i.GRPH_SetXY)
    HAL_ADC_ConfigChannel                    0x080008e1   Thumb Code   324  stm32f4xx_hal_adc.o(i.HAL_ADC_ConfigChannel)
    HAL_ADC_Init                             0x08000a35   Thumb Code    58  stm32f4xx_hal_adc.o(i.HAL_ADC_Init)
    HAL_ADC_MspInit                          0x08000a71   Thumb Code    54  adc.o(i.HAL_ADC_MspInit)
    HAL_DCMI_ErrorCallback                   0x08000ab5   Thumb Code     2  stm32f4xx_hal_dcmi.o(i.HAL_DCMI_ErrorCallback)
    HAL_DCMI_FrameEventCallback              0x08000ab7   Thumb Code     2  stm32f4xx_hal_dcmi.o(i.HAL_DCMI_FrameEventCallback)
    HAL_DCMI_IRQHandler                      0x08000ab9   Thumb Code   228  stm32f4xx_hal_dcmi.o(i.HAL_DCMI_IRQHandler)
    HAL_DCMI_Init                            0x08000b9d   Thumb Code   168  stm32f4xx_hal_dcmi_ex.o(i.HAL_DCMI_Init)
    HAL_DCMI_LineEventCallback               0x08000c49   Thumb Code     2  stm32f4xx_hal_dcmi.o(i.HAL_DCMI_LineEventCallback)
    HAL_DCMI_MspInit                         0x08000c4d   Thumb Code   228  dcmi.o(i.HAL_DCMI_MspInit)
    HAL_DCMI_VsyncEventCallback              0x08000d59   Thumb Code     2  stm32f4xx_hal_dcmi.o(i.HAL_DCMI_VsyncEventCallback)
    HAL_DMA2D_ConfigLayer                    0x08000d5d   Thumb Code   214  stm32f4xx_hal_dma2d.o(i.HAL_DMA2D_ConfigLayer)
    HAL_DMA2D_Init                           0x08000e39   Thumb Code    90  stm32f4xx_hal_dma2d.o(i.HAL_DMA2D_Init)
    HAL_DMA2D_MspInit                        0x08000e95   Thumb Code    30  dma2d.o(i.HAL_DMA2D_MspInit)
    HAL_DMA2D_PollForTransfer                0x08000ebd   Thumb Code   224  stm32f4xx_hal_dma2d.o(i.HAL_DMA2D_PollForTransfer)
    HAL_DMA2D_Start                          0x08000f9d   Thumb Code    62  stm32f4xx_hal_dma2d.o(i.HAL_DMA2D_Start)
    HAL_DMA_Abort                            0x08000fdd   Thumb Code    84  stm32f4xx_hal_dma.o(i.HAL_DMA_Abort)
    HAL_DMA_IRQHandler                       0x08001031   Thumb Code   412  stm32f4xx_hal_dma.o(i.HAL_DMA_IRQHandler)
    HAL_DMA_Init                             0x080011d1   Thumb Code   116  stm32f4xx_hal_dma.o(i.HAL_DMA_Init)
    HAL_Delay                                0x08001249   Thumb Code    22  stm32f4xx_hal.o(i.HAL_Delay)
    HAL_GPIO_Init                            0x08001309   Thumb Code   408  stm32f4xx_hal_gpio.o(i.HAL_GPIO_Init)
    HAL_GetTick                              0x080014d5   Thumb Code     6  stm32f4xx_hal.o(i.HAL_GetTick)
    HAL_I2C_ER_IRQHandler                    0x080014e1   Thumb Code   216  stm32f4xx_hal_i2c.o(i.HAL_I2C_ER_IRQHandler)
    HAL_I2C_EV_IRQHandler                    0x080015b9   Thumb Code   406  stm32f4xx_hal_i2c.o(i.HAL_I2C_EV_IRQHandler)
    HAL_I2C_ErrorCallback                    0x0800174f   Thumb Code     2  stm32f4xx_hal_i2c.o(i.HAL_I2C_ErrorCallback)
    HAL_I2C_GetError                         0x08001751   Thumb Code     4  stm32f4xx_hal_i2c.o(i.HAL_I2C_GetError)
    HAL_I2C_GetState                         0x08001755   Thumb Code     6  stm32f4xx_hal_i2c.o(i.HAL_I2C_GetState)
    HAL_I2C_Init                             0x0800175d   Thumb Code   246  stm32f4xx_hal_i2c.o(i.HAL_I2C_Init)
    HAL_I2C_MasterRxCpltCallback             0x0800185d   Thumb Code     2  stm32f4xx_hal_i2c.o(i.HAL_I2C_MasterRxCpltCallback)
    HAL_I2C_MasterTxCpltCallback             0x0800185f   Thumb Code     2  stm32f4xx_hal_i2c.o(i.HAL_I2C_MasterTxCpltCallback)
    HAL_I2C_Master_Receive                   0x08001861   Thumb Code   440  stm32f4xx_hal_i2c.o(i.HAL_I2C_Master_Receive)
    HAL_I2C_Master_Transmit                  0x08001a21   Thumb Code   224  stm32f4xx_hal_i2c.o(i.HAL_I2C_Master_Transmit)
    HAL_I2C_MemRxCpltCallback                0x08001b09   Thumb Code     2  stm32f4xx_hal_i2c.o(i.HAL_I2C_MemRxCpltCallback)
    HAL_I2C_MemTxCpltCallback                0x08001b0b   Thumb Code     2  stm32f4xx_hal_i2c.o(i.HAL_I2C_MemTxCpltCallback)
    HAL_I2C_MspInit                          0x08001b0d   Thumb Code   190  i2c.o(i.HAL_I2C_MspInit)
    HAL_I2C_SlaveRxCpltCallback              0x08001be1   Thumb Code     2  stm32f4xx_hal_i2c.o(i.HAL_I2C_SlaveRxCpltCallback)
    HAL_I2C_SlaveTxCpltCallback              0x08001be3   Thumb Code     2  stm32f4xx_hal_i2c.o(i.HAL_I2C_SlaveTxCpltCallback)
    HAL_IncTick                              0x08001be5   Thumb Code    10  stm32f4xx_hal.o(i.HAL_IncTick)
    HAL_Init                                 0x08001bf5   Thumb Code    48  stm32f4xx_hal.o(i.HAL_Init)
    HAL_InitTick                             0x08001c29   Thumb Code    34  stm32f4xx_hal.o(i.HAL_InitTick)
    HAL_LTDC_ConfigLayer                     0x08001c4b   Thumb Code    82  stm32f4xx_hal_ltdc.o(i.HAL_LTDC_ConfigLayer)
    HAL_LTDC_ErrorCallback                   0x08001c9d   Thumb Code     2  stm32f4xx_hal_ltdc.o(i.HAL_LTDC_ErrorCallback)
    HAL_LTDC_IRQHandler                      0x08001c9f   Thumb Code   162  stm32f4xx_hal_ltdc.o(i.HAL_LTDC_IRQHandler)
    HAL_LTDC_Init                            0x08001d41   Thumb Code   248  stm32f4xx_hal_ltdc.o(i.HAL_LTDC_Init)
    HAL_LTDC_LineEventCallback               0x08001e3d   Thumb Code     2  stm32f4xx_hal_ltdc.o(i.HAL_LTDC_LineEventCallback)
    HAL_LTDC_MspInit                         0x08001e41   Thumb Code   278  ltdc.o(i.HAL_LTDC_MspInit)
    HAL_LTDC_SetAlpha                        0x08001f7d   Thumb Code    68  stm32f4xx_hal_ltdc.o(i.HAL_LTDC_SetAlpha)
    HAL_MspInit                              0x08001fc1   Thumb Code    38  stm32f4xx_hal_msp.o(i.HAL_MspInit)
    HAL_NVIC_EnableIRQ                       0x08001fe7   Thumb Code    22  stm32f4xx_hal_cortex.o(i.HAL_NVIC_EnableIRQ)
    HAL_NVIC_SetPriority                     0x08001ffd   Thumb Code    60  stm32f4xx_hal_cortex.o(i.HAL_NVIC_SetPriority)
    HAL_NVIC_SetPriorityGrouping             0x0800203d   Thumb Code    26  stm32f4xx_hal_cortex.o(i.HAL_NVIC_SetPriorityGrouping)
    HAL_PWREx_EnableOverDrive                0x08002061   Thumb Code   126  stm32f4xx_hal_pwr_ex.o(i.HAL_PWREx_EnableOverDrive)
    HAL_RCCEx_PeriphCLKConfig                0x080020ed   Thumb Code   660  stm32f4xx_hal_rcc_ex.o(i.HAL_RCCEx_PeriphCLKConfig)
    HAL_RCC_ClockConfig                      0x080023a5   Thumb Code   514  stm32f4xx_hal_rcc.o(i.HAL_RCC_ClockConfig)
    HAL_RCC_GetHCLKFreq                      0x080025b1   Thumb Code    38  stm32f4xx_hal_rcc.o(i.HAL_RCC_GetHCLKFreq)
    HAL_RCC_GetPCLK1Freq                     0x080025e5   Thumb Code    36  stm32f4xx_hal_rcc.o(i.HAL_RCC_GetPCLK1Freq)
    HAL_RCC_GetPCLK2Freq                     0x08002611   Thumb Code    36  stm32f4xx_hal_rcc.o(i.HAL_RCC_GetPCLK2Freq)
    HAL_RCC_GetSysClockFreq                  0x0800263d   Thumb Code   104  stm32f4xx_hal_rcc.o(i.HAL_RCC_GetSysClockFreq)
    HAL_RCC_OscConfig                        0x080026b1   Thumb Code   806  stm32f4xx_hal_rcc.o(i.HAL_RCC_OscConfig)
    HAL_SDRAM_IRQHandler                     0x080029ed   Thumb Code    30  stm32f4xx_hal_sdram.o(i.HAL_SDRAM_IRQHandler)
    HAL_SDRAM_Init                           0x08002a0b   Thumb Code    66  stm32f4xx_hal_sdram.o(i.HAL_SDRAM_Init)
    HAL_SDRAM_MspInit                        0x08002a4d   Thumb Code     4  fmc.o(i.HAL_SDRAM_MspInit)
    HAL_SDRAM_ProgramRefreshRate             0x08002a51   Thumb Code    34  stm32f4xx_hal_sdram.o(i.HAL_SDRAM_ProgramRefreshRate)
    HAL_SDRAM_RefreshErrorCallback           0x08002a73   Thumb Code     2  stm32f4xx_hal_sdram.o(i.HAL_SDRAM_RefreshErrorCallback)
    HAL_SDRAM_SendCommand                    0x08002a75   Thumb Code    48  stm32f4xx_hal_sdram.o(i.HAL_SDRAM_SendCommand)
    HAL_SYSTICK_CLKSourceConfig              0x08002aa5   Thumb Code    24  stm32f4xx_hal_cortex.o(i.HAL_SYSTICK_CLKSourceConfig)
    HAL_SYSTICK_Callback                     0x08002abd   Thumb Code     2  stm32f4xx_hal_cortex.o(i.HAL_SYSTICK_Callback)
    HAL_SYSTICK_Config                       0x08002abf   Thumb Code    40  stm32f4xx_hal_cortex.o(i.HAL_SYSTICK_Config)
    HAL_SYSTICK_IRQHandler                   0x08002ae7   Thumb Code     8  stm32f4xx_hal_cortex.o(i.HAL_SYSTICK_IRQHandler)
    HAL_UART_ErrorCallback                   0x08002aef   Thumb Code     2  stm32f4xx_hal_uart.o(i.HAL_UART_ErrorCallback)
    HAL_UART_IRQHandler                      0x08002af1   Thumb Code   266  stm32f4xx_hal_uart.o(i.HAL_UART_IRQHandler)
    HAL_UART_Init                            0x08002bfb   Thumb Code    94  stm32f4xx_hal_uart.o(i.HAL_UART_Init)
    HAL_UART_MspInit                         0x08002c59   Thumb Code   176  usart.o(i.HAL_UART_MspInit)
    HAL_UART_RxCpltCallback                  0x08002d1d   Thumb Code     2  stm32f4xx_hal_uart.o(i.HAL_UART_RxCpltCallback)
    HAL_UART_TxCpltCallback                  0x08002d1f   Thumb Code     2  stm32f4xx_hal_uart.o(i.HAL_UART_TxCpltCallback)
    I2C1_ER_IRQHandler                       0x08002d21   Thumb Code     6  stm32f4xx_it.o(i.I2C1_ER_IRQHandler)
    I2C1_EV_IRQHandler                       0x08002d2d   Thumb Code     6  stm32f4xx_it.o(i.I2C1_EV_IRQHandler)
    I2C1_ReadBuffer                          0x08002d39   Thumb Code    54  i2c.o(i.I2C1_ReadBuffer)
    I2C1_WriteBuffer                         0x08002d75   Thumb Code    54  i2c.o(i.I2C1_WriteBuffer)
    ITG_GetXYZ                               0x080030d9   Thumb Code    56  itg3200.o(i.ITG_GetXYZ)
    ITG_Init                                 0x08003111   Thumb Code     6  itg3200.o(i.ITG_Init)
    ITG_SetDLPF_Config                       0x08003117   Thumb Code    10  itg3200.o(i.ITG_SetDLPF_Config)
    ITG_WriteByte                            0x08003121   Thumb Code    22  itg3200.o(i.ITG_WriteByte)
    LTDC_ER_IRQHandler                       0x08003139   Thumb Code     6  stm32f4xx_it.o(i.LTDC_ER_IRQHandler)
    LTDC_IRQHandler                          0x08003145   Thumb Code     6  stm32f4xx_it.o(i.LTDC_IRQHandler)
    MX_ADC1_Init                             0x080032b5   Thumb Code    88  adc.o(i.MX_ADC1_Init)
    MX_DCMI_Init                             0x08003315   Thumb Code    28  dcmi.o(i.MX_DCMI_Init)
    MX_DMA2D_Init                            0x08003339   Thumb Code    42  dma2d.o(i.MX_DMA2D_Init)
    MX_DMA_Init                              0x0800336d   Thumb Code   168  dma.o(i.MX_DMA_Init)
    MX_FMC_Init                              0x08003421   Thumb Code    68  fmc.o(i.MX_FMC_Init)
    MX_GPIO_Init                             0x0800346d   Thumb Code   150  gpio.o(i.MX_GPIO_Init)
    MX_I2C1_Init                             0x08003509   Thumb Code    38  i2c.o(i.MX_I2C1_Init)
    MX_LTDC_Init                             0x0800353d   Thumb Code   180  ltdc.o(i.MX_LTDC_Init)
    MX_USART1_UART_Init                      0x080035f9   Thumb Code    36  usart.o(i.MX_USART1_UART_Init)
    RCC_IRQHandler                           0x08003645   Thumb Code     2  stm32f4xx_it.o(i.RCC_IRQHandler)
    SDRAM_Init                               0x08003649   Thumb Code   142  sdram.o(i.SDRAM_Init)
    SVGA_Init                                0x080036dd   Thumb Code    46  svga050.o(i.SVGA_Init)
    SVGA_SetDisplayOff                       0x0800370b   Thumb Code    14  svga050.o(i.SVGA_SetDisplayOff)
    SVGA_SetInputVideoType                   0x08003719   Thumb Code    16  svga050.o(i.SVGA_SetInputVideoType)
    SVGA_SetTestPattern                      0x08003729   Thumb Code    72  svga050.o(i.SVGA_SetTestPattern)
    SVGA_SetVcomLevel                        0x08003771   Thumb Code     8  svga050.o(i.SVGA_SetVcomLevel)
    SVGA_Write                               0x08003779   Thumb Code    22  svga050.o(i.SVGA_Write)
    SysTick_Handler                          0x0800378f   Thumb Code    14  stm32f4xx_it.o(i.SysTick_Handler)
    SystemClock_Config                       0x0800379d   Thumb Code   152  main.o(i.SystemClock_Config)
    SystemInit                               0x0800383d   Thumb Code    66  system_stm32f4xx.o(i.SystemInit)
    USART1_IRQHandler                        0x08003b19   Thumb Code     6  stm32f4xx_it.o(i.USART1_IRQHandler)
    __0sprintf$1                             0x08003b25   Thumb Code    34  printf1.o(i.__0sprintf$1)
    __1sprintf$1                             0x08003b25   Thumb Code     0  printf1.o(i.__0sprintf$1)
    __2sprintf                               0x08003b25   Thumb Code     0  printf1.o(i.__0sprintf$1)
    __scatterload_copy                       0x08003b4d   Thumb Code    14  handlers.o(i.__scatterload_copy)
    __scatterload_null                       0x08003b5b   Thumb Code     2  handlers.o(i.__scatterload_null)
    __scatterload_zeroinit                   0x08003b5d   Thumb Code    14  handlers.o(i.__scatterload_zeroinit)
    main                                     0x08003ccd   Thumb Code   202  main.o(i.main)
    Font7x10                                 0x08003db0   Data        1900  font_7_10.o(.constdata)
    APBAHBPrescTable                         0x08004524   Data          16  stm32f4xx_hal_rcc.o(.constdata)
    Region$$Table$$Base                      0x08004534   Number         0  anon$$obj.o(Region$$Table)
    Region$$Table$$Limit                     0x08004554   Number         0  anon$$obj.o(Region$$Table)
    SystemCoreClock                          0x20000000   Data           4  system_stm32f4xx.o(.data)
    str                                      0x2000000c   Data          12  main.o(.data)
    Font_7x10                                0x20000018   Data           8  font_7_10.o(.data)
    hltdc                                    0x20000024   Data         168  ltdc.o(.bss)
    huart1                                   0x200000cc   Data          64  usart.o(.bss)
    hdma_usart1_rx                           0x2000010c   Data          88  usart.o(.bss)
    hdma_usart1_tx                           0x20000164   Data          88  usart.o(.bss)
    hi2c1                                    0x200001bc   Data          60  i2c.o(.bss)
    hdma_i2c1_rx                             0x200001f8   Data          88  i2c.o(.bss)
    hdma_i2c1_tx                             0x20000250   Data          88  i2c.o(.bss)
    hsdram1                                  0x200002a8   Data          52  fmc.o(.bss)
    hdma_memtomem_dma2_stream0               0x200002dc   Data          88  dma.o(.bss)
    hadc1                                    0x20000334   Data          68  adc.o(.bss)
    hdcmi                                    0x20000378   Data          64  dcmi.o(.bss)
    hdma_dcmi                                0x200003b8   Data          88  dcmi.o(.bss)
    hdma2d                                   0x20000434   Data          64  dma2d.o(.bss)
    __initial_sp                             0x20000878   Data           0  startup_stm32f439xx.o(STACK)



==============================================================================

Memory Map of the image

  Image Entry point : 0x080001ad

  Load Region LR_IROM1 (Base: 0x08000000, Size: 0x00004578, Max: 0x00200000, ABSOLUTE)

    Execution Region ER_IROM1 (Base: 0x08000000, Size: 0x00004554, Max: 0x00200000, ABSOLUTE)

    Base Addr    Size         Type   Attr      Idx    E Section Name        Object

    0x08000000   0x000001ac   Data   RO         5154    RESET               startup_stm32f439xx.o
    0x080001ac   0x00000000   Code   RO         5159  * .ARM.Collect$$$$00000000  mc_w.l(entry.o)
    0x080001ac   0x00000004   Code   RO         5437    .ARM.Collect$$$$00000001  mc_w.l(entry2.o)
    0x080001b0   0x00000004   Code   RO         5440    .ARM.Collect$$$$00000004  mc_w.l(entry5.o)
    0x080001b4   0x00000000   Code   RO         5442    .ARM.Collect$$$$00000008  mc_w.l(entry7b.o)
    0x080001b4   0x00000000   Code   RO         5444    .ARM.Collect$$$$0000000A  mc_w.l(entry8b.o)
    0x080001b4   0x00000008   Code   RO         5445    .ARM.Collect$$$$0000000B  mc_w.l(entry9a.o)
    0x080001bc   0x00000000   Code   RO         5447    .ARM.Collect$$$$0000000D  mc_w.l(entry10a.o)
    0x080001bc   0x00000000   Code   RO         5449    .ARM.Collect$$$$0000000F  mc_w.l(entry11a.o)
    0x080001bc   0x00000004   Code   RO         5438    .ARM.Collect$$$$00002712  mc_w.l(entry2.o)
    0x080001c0   0x00000024   Code   RO         5155    .text               startup_stm32f439xx.o
    0x080001e4   0x00000024   Code   RO         5162    .text               mc_w.l(memcpya.o)
    0x08000208   0x0000002c   Code   RO         5454    .text               mc_w.l(uidiv.o)
    0x08000234   0x00000024   Code   RO         5473    .text               mc_w.l(init.o)
    0x08000258   0x00000134   Code   RO         3211    i.ADC_Init          stm32f4xx_hal_adc.o
    0x0800038c   0x0000000c   Code   RO          598    i.DCMI_IRQHandler   stm32f4xx_it.o
    0x08000398   0x0000000c   Code   RO          599    i.DMA1_Stream0_IRQHandler  stm32f4xx_it.o
    0x080003a4   0x0000000c   Code   RO          600    i.DMA1_Stream6_IRQHandler  stm32f4xx_it.o
    0x080003b0   0x00000064   Code   RO         1605    i.DMA2DGRPH_Fill    graph.o
    0x08000414   0x0000001c   Code   RO         1606    i.DMA2D_Convert565ToARGB8888  graph.o
    0x08000430   0x0000008e   Code   RO         5012    i.DMA2D_SetConfig   stm32f4xx_hal_dma2d.o
    0x080004be   0x00000002   PAD
    0x080004c0   0x0000000c   Code   RO          601    i.DMA2_Stream1_IRQHandler  stm32f4xx_it.o
    0x080004cc   0x0000000c   Code   RO          602    i.DMA2_Stream2_IRQHandler  stm32f4xx_it.o
    0x080004d8   0x0000000c   Code   RO          603    i.DMA2_Stream7_IRQHandler  stm32f4xx_it.o
    0x080004e4   0x00000028   Code   RO         3125    i.DMA_CalcBaseAndBitshift  stm32f4xx_hal_dma.o
    0x0800050c   0x0000000c   Code   RO          604    i.FMC_IRQHandler    stm32f4xx_it.o
    0x08000518   0x0000004c   Code   RO         3398    i.FMC_SDRAM_Init    stm32f4xx_ll_fmc.o
    0x08000564   0x0000000c   Code   RO         3399    i.FMC_SDRAM_ProgramRefreshRate  stm32f4xx_ll_fmc.o
    0x08000570   0x00000048   Code   RO         3400    i.FMC_SDRAM_SendCommand  stm32f4xx_ll_fmc.o
    0x080005b8   0x0000007c   Code   RO         3402    i.FMC_SDRAM_Timing_Init  stm32f4xx_ll_fmc.o
    0x08000634   0x000000b2   Code   RO         1607    i.GRPH_DrawCircle   graph.o
    0x080006e6   0x00000088   Code   RO         1608    i.GRPH_DrawLine     graph.o
    0x0800076e   0x00000002   PAD
    0x08000770   0x0000001c   Code   RO         1609    i.GRPH_DrawPixel    graph.o
    0x0800078c   0x00000050   Code   RO         1610    i.GRPH_DrawRect     graph.o
    0x080007dc   0x00000028   Code   RO         1611    i.GRPH_Init         graph.o
    0x08000804   0x000000a8   Code   RO         1612    i.GRPH_Putc         graph.o
    0x080008ac   0x0000001a   Code   RO         1613    i.GRPH_Puts         graph.o
    0x080008c6   0x00000002   PAD
    0x080008c8   0x00000018   Code   RO         1616    i.GRPH_SetXY        graph.o
    0x080008e0   0x00000154   Code   RO         3213    i.HAL_ADC_ConfigChannel  stm32f4xx_hal_adc.o
    0x08000a34   0x0000003a   Code   RO         3222    i.HAL_ADC_Init      stm32f4xx_hal_adc.o
    0x08000a6e   0x00000002   PAD
    0x08000a70   0x00000044   Code   RO          515    i.HAL_ADC_MspInit   adc.o
    0x08000ab4   0x00000002   Code   RO         4332    i.HAL_DCMI_ErrorCallback  stm32f4xx_hal_dcmi.o
    0x08000ab6   0x00000002   Code   RO         4333    i.HAL_DCMI_FrameEventCallback  stm32f4xx_hal_dcmi.o
    0x08000ab8   0x000000e4   Code   RO         4336    i.HAL_DCMI_IRQHandler  stm32f4xx_hal_dcmi.o
    0x08000b9c   0x000000ac   Code   RO         4491    i.HAL_DCMI_Init     stm32f4xx_hal_dcmi_ex.o
    0x08000c48   0x00000002   Code   RO         4338    i.HAL_DCMI_LineEventCallback  stm32f4xx_hal_dcmi.o
    0x08000c4a   0x00000002   PAD
    0x08000c4c   0x0000010c   Code   RO          557    i.HAL_DCMI_MspInit  dcmi.o
    0x08000d58   0x00000002   Code   RO         4343    i.HAL_DCMI_VsyncEventCallback  stm32f4xx_hal_dcmi.o
    0x08000d5a   0x00000002   PAD
    0x08000d5c   0x000000dc   Code   RO         5017    i.HAL_DMA2D_ConfigLayer  stm32f4xx_hal_dma2d.o
    0x08000e38   0x0000005a   Code   RO         5024    i.HAL_DMA2D_Init    stm32f4xx_hal_dma2d.o
    0x08000e92   0x00000002   PAD
    0x08000e94   0x00000028   Code   RO         1707    i.HAL_DMA2D_MspInit  dma2d.o
    0x08000ebc   0x000000e0   Code   RO         5027    i.HAL_DMA2D_PollForTransfer  stm32f4xx_hal_dma2d.o
    0x08000f9c   0x0000003e   Code   RO         5030    i.HAL_DMA2D_Start   stm32f4xx_hal_dma2d.o
    0x08000fda   0x00000002   PAD
    0x08000fdc   0x00000054   Code   RO         3127    i.HAL_DMA_Abort     stm32f4xx_hal_dma.o
    0x08001030   0x000001a0   Code   RO         3131    i.HAL_DMA_IRQHandler  stm32f4xx_hal_dma.o
    0x080011d0   0x00000078   Code   RO         3132    i.HAL_DMA_Init      stm32f4xx_hal_dma.o
    0x08001248   0x00000016   Code   RO         3898    i.HAL_Delay         stm32f4xx_hal.o
    0x0800125e   0x00000002   PAD
    0x08001260   0x000000a8   Code   RO          302    i.HAL_FMC_MspInit   fmc.o
    0x08001308   0x000001cc   Code   RO         3044    i.HAL_GPIO_Init     stm32f4xx_hal_gpio.o
    0x080014d4   0x0000000c   Code   RO         3906    i.HAL_GetTick       stm32f4xx_hal.o
    0x080014e0   0x000000d8   Code   RO         3559    i.HAL_I2C_ER_IRQHandler  stm32f4xx_hal_i2c.o
    0x080015b8   0x00000196   Code   RO         3560    i.HAL_I2C_EV_IRQHandler  stm32f4xx_hal_i2c.o
    0x0800174e   0x00000002   Code   RO         3561    i.HAL_I2C_ErrorCallback  stm32f4xx_hal_i2c.o
    0x08001750   0x00000004   Code   RO         3562    i.HAL_I2C_GetError  stm32f4xx_hal_i2c.o
    0x08001754   0x00000006   Code   RO         3563    i.HAL_I2C_GetState  stm32f4xx_hal_i2c.o
    0x0800175a   0x00000002   PAD
    0x0800175c   0x00000100   Code   RO         3564    i.HAL_I2C_Init      stm32f4xx_hal_i2c.o
    0x0800185c   0x00000002   Code   RO         3566    i.HAL_I2C_MasterRxCpltCallback  stm32f4xx_hal_i2c.o
    0x0800185e   0x00000002   Code   RO         3567    i.HAL_I2C_MasterTxCpltCallback  stm32f4xx_hal_i2c.o
    0x08001860   0x000001c0   Code   RO         3568    i.HAL_I2C_Master_Receive  stm32f4xx_hal_i2c.o
    0x08001a20   0x000000e8   Code   RO         3571    i.HAL_I2C_Master_Transmit  stm32f4xx_hal_i2c.o
    0x08001b08   0x00000002   Code   RO         3574    i.HAL_I2C_MemRxCpltCallback  stm32f4xx_hal_i2c.o
    0x08001b0a   0x00000002   Code   RO         3575    i.HAL_I2C_MemTxCpltCallback  stm32f4xx_hal_i2c.o
    0x08001b0c   0x000000d4   Code   RO          249    i.HAL_I2C_MspInit   i2c.o
    0x08001be0   0x00000002   Code   RO         3584    i.HAL_I2C_SlaveRxCpltCallback  stm32f4xx_hal_i2c.o
    0x08001be2   0x00000002   Code   RO         3585    i.HAL_I2C_SlaveTxCpltCallback  stm32f4xx_hal_i2c.o
    0x08001be4   0x00000010   Code   RO         3907    i.HAL_IncTick       stm32f4xx_hal.o
    0x08001bf4   0x00000034   Code   RO         3908    i.HAL_Init          stm32f4xx_hal.o
    0x08001c28   0x00000022   Code   RO         3909    i.HAL_InitTick      stm32f4xx_hal.o
    0x08001c4a   0x00000052   Code   RO         4841    i.HAL_LTDC_ConfigLayer  stm32f4xx_hal_ltdc.o
    0x08001c9c   0x00000002   Code   RO         4849    i.HAL_LTDC_ErrorCallback  stm32f4xx_hal_ltdc.o
    0x08001c9e   0x000000a2   Code   RO         4852    i.HAL_LTDC_IRQHandler  stm32f4xx_hal_ltdc.o
    0x08001d40   0x000000fc   Code   RO         4853    i.HAL_LTDC_Init     stm32f4xx_hal_ltdc.o
    0x08001e3c   0x00000002   Code   RO         4854    i.HAL_LTDC_LineEventCallback  stm32f4xx_hal_ltdc.o
    0x08001e3e   0x00000002   PAD
    0x08001e40   0x0000013c   Code   RO          155    i.HAL_LTDC_MspInit  ltdc.o
    0x08001f7c   0x00000044   Code   RO         4859    i.HAL_LTDC_SetAlpha  stm32f4xx_hal_ltdc.o
    0x08001fc0   0x00000026   Code   RO          350    i.HAL_MspInit       stm32f4xx_hal_msp.o
    0x08001fe6   0x00000016   Code   RO         2684    i.HAL_NVIC_EnableIRQ  stm32f4xx_hal_cortex.o
    0x08001ffc   0x00000040   Code   RO         2690    i.HAL_NVIC_SetPriority  stm32f4xx_hal_cortex.o
    0x0800203c   0x00000024   Code   RO         2691    i.HAL_NVIC_SetPriorityGrouping  stm32f4xx_hal_cortex.o
    0x08002060   0x0000008c   Code   RO         4055    i.HAL_PWREx_EnableOverDrive  stm32f4xx_hal_pwr_ex.o
    0x080020ec   0x000002b8   Code   RO         3856    i.HAL_RCCEx_PeriphCLKConfig  stm32f4xx_hal_rcc_ex.o
    0x080023a4   0x0000020c   Code   RO         4222    i.HAL_RCC_ClockConfig  stm32f4xx_hal_rcc.o
    0x080025b0   0x00000034   Code   RO         4227    i.HAL_RCC_GetHCLKFreq  stm32f4xx_hal_rcc.o
    0x080025e4   0x0000002c   Code   RO         4229    i.HAL_RCC_GetPCLK1Freq  stm32f4xx_hal_rcc.o
    0x08002610   0x0000002c   Code   RO         4230    i.HAL_RCC_GetPCLK2Freq  stm32f4xx_hal_rcc.o
    0x0800263c   0x00000074   Code   RO         4231    i.HAL_RCC_GetSysClockFreq  stm32f4xx_hal_rcc.o
    0x080026b0   0x0000033c   Code   RO         4234    i.HAL_RCC_OscConfig  stm32f4xx_hal_rcc.o
    0x080029ec   0x0000001e   Code   RO         4688    i.HAL_SDRAM_IRQHandler  stm32f4xx_hal_sdram.o
    0x08002a0a   0x00000042   Code   RO         4689    i.HAL_SDRAM_Init    stm32f4xx_hal_sdram.o
    0x08002a4c   0x00000004   Code   RO          304    i.HAL_SDRAM_MspInit  fmc.o
    0x08002a50   0x00000022   Code   RO         4692    i.HAL_SDRAM_ProgramRefreshRate  stm32f4xx_hal_sdram.o
    0x08002a72   0x00000002   Code   RO         4697    i.HAL_SDRAM_RefreshErrorCallback  stm32f4xx_hal_sdram.o
    0x08002a74   0x00000030   Code   RO         4698    i.HAL_SDRAM_SendCommand  stm32f4xx_hal_sdram.o
    0x08002aa4   0x00000018   Code   RO         2693    i.HAL_SYSTICK_CLKSourceConfig  stm32f4xx_hal_cortex.o
    0x08002abc   0x00000002   Code   RO         2694    i.HAL_SYSTICK_Callback  stm32f4xx_hal_cortex.o
    0x08002abe   0x00000028   Code   RO         2695    i.HAL_SYSTICK_Config  stm32f4xx_hal_cortex.o
    0x08002ae6   0x00000008   Code   RO         2696    i.HAL_SYSTICK_IRQHandler  stm32f4xx_hal_cortex.o
    0x08002aee   0x00000002   Code   RO         2816    i.HAL_UART_ErrorCallback  stm32f4xx_hal_uart.o
    0x08002af0   0x0000010a   Code   RO         2819    i.HAL_UART_IRQHandler  stm32f4xx_hal_uart.o
    0x08002bfa   0x0000005e   Code   RO         2820    i.HAL_UART_Init     stm32f4xx_hal_uart.o
    0x08002c58   0x000000c4   Code   RO          204    i.HAL_UART_MspInit  usart.o
    0x08002d1c   0x00000002   Code   RO         2826    i.HAL_UART_RxCpltCallback  stm32f4xx_hal_uart.o
    0x08002d1e   0x00000002   Code   RO         2831    i.HAL_UART_TxCpltCallback  stm32f4xx_hal_uart.o
    0x08002d20   0x0000000c   Code   RO          605    i.I2C1_ER_IRQHandler  stm32f4xx_it.o
    0x08002d2c   0x0000000c   Code   RO          606    i.I2C1_EV_IRQHandler  stm32f4xx_it.o
    0x08002d38   0x0000003c   Code   RO          250    i.I2C1_ReadBuffer   i2c.o
    0x08002d74   0x0000003c   Code   RO          251    i.I2C1_WriteBuffer  i2c.o
    0x08002db0   0x00000080   Code   RO         3599    i.I2C_MasterReceive_BTF  stm32f4xx_hal_i2c.o
    0x08002e30   0x00000064   Code   RO         3600    i.I2C_MasterReceive_RXNE  stm32f4xx_hal_i2c.o
    0x08002e94   0x000000ba   Code   RO         3601    i.I2C_MasterRequestRead  stm32f4xx_hal_i2c.o
    0x08002f4e   0x00000002   PAD
    0x08002f50   0x00000074   Code   RO         3602    i.I2C_MasterRequestWrite  stm32f4xx_hal_i2c.o
    0x08002fc4   0x0000008a   Code   RO         3605    i.I2C_WaitOnFlagUntilTimeout  stm32f4xx_hal_i2c.o
    0x0800304e   0x00000002   PAD
    0x08003050   0x00000088   Code   RO         3606    i.I2C_WaitOnMasterAddressFlagUntilTimeout  stm32f4xx_hal_i2c.o
    0x080030d8   0x00000038   Code   RO         1756    i.ITG_GetXYZ        itg3200.o
    0x08003110   0x00000006   Code   RO         1759    i.ITG_Init          itg3200.o
    0x08003116   0x0000000a   Code   RO         1763    i.ITG_SetDLPF_Config  itg3200.o
    0x08003120   0x00000016   Code   RO         1768    i.ITG_WriteByte     itg3200.o
    0x08003136   0x00000002   PAD
    0x08003138   0x0000000c   Code   RO          607    i.LTDC_ER_IRQHandler  stm32f4xx_it.o
    0x08003144   0x0000000c   Code   RO          608    i.LTDC_IRQHandler   stm32f4xx_it.o
    0x08003150   0x00000162   Code   RO         4864    i.LTDC_SetConfig    stm32f4xx_hal_ltdc.o
    0x080032b2   0x00000002   PAD
    0x080032b4   0x00000060   Code   RO          516    i.MX_ADC1_Init      adc.o
    0x08003314   0x00000024   Code   RO          558    i.MX_DCMI_Init      dcmi.o
    0x08003338   0x00000034   Code   RO         1708    i.MX_DMA2D_Init     dma2d.o
    0x0800336c   0x000000b4   Code   RO          487    i.MX_DMA_Init       dma.o
    0x08003420   0x0000004c   Code   RO          305    i.MX_FMC_Init       fmc.o
    0x0800346c   0x0000009c   Code   RO          463    i.MX_GPIO_Init      gpio.o
    0x08003508   0x00000034   Code   RO          252    i.MX_I2C1_Init      i2c.o
    0x0800353c   0x000000bc   Code   RO          156    i.MX_LTDC_Init      ltdc.o
    0x080035f8   0x0000002c   Code   RO          205    i.MX_USART1_UART_Init  usart.o
    0x08003624   0x00000020   Code   RO         2697    i.NVIC_SetPriority  stm32f4xx_hal_cortex.o
    0x08003644   0x00000002   Code   RO          609    i.RCC_IRQHandler    stm32f4xx_it.o
    0x08003646   0x00000002   PAD
    0x08003648   0x00000094   Code   RO         2410    i.SDRAM_Init        sdram.o
    0x080036dc   0x0000002e   Code   RO         1264    i.SVGA_Init         svga050.o
    0x0800370a   0x0000000e   Code   RO         1273    i.SVGA_SetDisplayOff  svga050.o
    0x08003718   0x00000010   Code   RO         1280    i.SVGA_SetInputVideoType  svga050.o
    0x08003728   0x00000048   Code   RO         1290    i.SVGA_SetTestPattern  svga050.o
    0x08003770   0x00000008   Code   RO         1292    i.SVGA_SetVcomLevel  svga050.o
    0x08003778   0x00000016   Code   RO         1295    i.SVGA_Write        svga050.o
    0x0800378e   0x0000000e   Code   RO          610    i.SysTick_Handler   stm32f4xx_it.o
    0x0800379c   0x000000a0   Code   RO          374    i.SystemClock_Config  main.o
    0x0800383c   0x00000054   Code   RO            5    i.SystemInit        system_stm32f4xx.o
    0x08003890   0x000000a8   Code   RO         2838    i.UART_Receive_IT   stm32f4xx_hal_uart.o
    0x08003938   0x00000178   Code   RO         2839    i.UART_SetConfig    stm32f4xx_hal_uart.o
    0x08003ab0   0x00000066   Code   RO         2840    i.UART_Transmit_IT  stm32f4xx_hal_uart.o
    0x08003b16   0x00000002   PAD
    0x08003b18   0x0000000c   Code   RO          611    i.USART1_IRQHandler  stm32f4xx_it.o
    0x08003b24   0x00000028   Code   RO         5215    i.__0sprintf$1      mc_w.l(printf1.o)
    0x08003b4c   0x0000000e   Code   RO         5481    i.__scatterload_copy  mc_w.l(handlers.o)
    0x08003b5a   0x00000002   Code   RO         5482    i.__scatterload_null  mc_w.l(handlers.o)
    0x08003b5c   0x0000000e   Code   RO         5483    i.__scatterload_zeroinit  mc_w.l(handlers.o)
    0x08003b6a   0x00000002   PAD
    0x08003b6c   0x00000154   Code   RO         5220    i._printf_core      mc_w.l(printf1.o)
    0x08003cc0   0x0000000a   Code   RO         5222    i._sputc            mc_w.l(printf1.o)
    0x08003cca   0x00000002   PAD
    0x08003ccc   0x000000e4   Code   RO          375    i.main              main.o
    0x08003db0   0x0000076c   Data   RO         2389    .constdata          font_7_10.o
    0x0800451c   0x00000008   Data   RO         3136    .constdata          stm32f4xx_hal_dma.o
    0x08004524   0x00000010   Data   RO         4235    .constdata          stm32f4xx_hal_rcc.o
    0x08004534   0x00000020   Data   RO         5479    Region$$Table       anon$$obj.o


    Execution Region RW_IRAM1 (Base: 0x20000000, Size: 0x00000878, Max: 0x00030000, ABSOLUTE)

    Base Addr    Size         Type   Attr      Idx    E Section Name        Object

    0x20000000   0x00000004   Data   RW            7    .data               system_stm32f4xx.o
    0x20000004   0x00000008   Data   RW          307    .data               fmc.o
    0x2000000c   0x0000000c   Data   RW          376    .data               main.o
    0x20000018   0x00000008   Data   RW         2390    .data               font_7_10.o
    0x20000020   0x00000004   Data   RW         3914    .data               stm32f4xx_hal.o
    0x20000024   0x000000a8   Zero   RW          157    .bss                ltdc.o
    0x200000cc   0x000000f0   Zero   RW          206    .bss                usart.o
    0x200001bc   0x000000ec   Zero   RW          253    .bss                i2c.o
    0x200002a8   0x00000034   Zero   RW          306    .bss                fmc.o
    0x200002dc   0x00000058   Zero   RW          488    .bss                dma.o
    0x20000334   0x00000044   Zero   RW          517    .bss                adc.o
    0x20000378   0x00000098   Zero   RW          559    .bss                dcmi.o
    0x20000410   0x00000024   Zero   RW         1617    .bss                graph.o
    0x20000434   0x00000040   Zero   RW         1709    .bss                dma2d.o
    0x20000474   0x00000004   PAD
    0x20000478   0x00000400   Zero   RW         5152    STACK               startup_stm32f439xx.o


==============================================================================

Image component sizes


      Code (inc. data)   RO Data    RW Data    ZI Data      Debug   Object Name

       164         22          0          0         68       1613   adc.o
       304         48          0          0        152       1696   dcmi.o
       180         12          0          0         88       1095   dma.o
        92         20          0          0         64       1513   dma2d.o
       248         36          0          8         52       2176   fmc.o
         0          0       1900          8          0       1001   font_7_10.o
       156          6          0          0          0       1031   gpio.o
       808         32          0          0         36       8015   graph.o
       384         48          0          0        236       3048   i2c.o
        94          0          0          0          0       2599   itg3200.o
       504         46          0          0        168       1878   ltdc.o
       388         34          0         12          0       7290   main.o
       148          6          0          0          0        985   sdram.o
        36          8        428          0       1024        924   startup_stm32f439xx.o
       136         16          0          4          0       4174   stm32f4xx_hal.o
       706         24          0          0          0       2731   stm32f4xx_hal_adc.o
       228         14          0          0          0      31705   stm32f4xx_hal_cortex.o
       236          0          0          0          0       3452   stm32f4xx_hal_dcmi.o
       172          4          0          0          0       1136   stm32f4xx_hal_dcmi_ex.o
       660         14          8          0          0       3728   stm32f4xx_hal_dma.o
       738          6          0          0          0       5079   stm32f4xx_hal_dma2d.o
       460         52          0          0          0       1876   stm32f4xx_hal_gpio.o
      2386         30          0          0          0      17150   stm32f4xx_hal_i2c.o
       922          4          0          0          0       5659   stm32f4xx_hal_ltdc.o
        38          0          0          0          0        510   stm32f4xx_hal_msp.o
       140         14          0          0          0       1288   stm32f4xx_hal_pwr_ex.o
      1608         74         16          0          0       6179   stm32f4xx_hal_rcc.o
       696         36          0          0          0       1588   stm32f4xx_hal_rcc_ex.o
       180          0          0          0          0       3936   stm32f4xx_hal_sdram.o
      1012         10          0          0          0       6291   stm32f4xx_hal_uart.o
       160         72          0          0          0       6549   stm32f4xx_it.o
       284          0          0          0          0       3512   stm32f4xx_ll_fmc.o
       178          0          0          0          0       4071   svga050.o
        84         18          0          4          0     423717   system_stm32f4xx.o
       240         28          0          0        240       1768   usart.o

    ----------------------------------------------------------------------
     14804        734       2384         36       2132     570963   Object Totals
         0          0         32          0          0          0   (incl. Generated)
        34          0          0          0          4          0   (incl. Padding)

    ----------------------------------------------------------------------

      Code (inc. data)   RO Data    RW Data    ZI Data      Debug   Library Member Name

         0          0          0          0          0          0   entry.o
         0          0          0          0          0          0   entry10a.o
         0          0          0          0          0          0   entry11a.o
         8          4          0          0          0          0   entry2.o
         4          0          0          0          0          0   entry5.o
         0          0          0          0          0          0   entry7b.o
         0          0          0          0          0          0   entry8b.o
         8          4          0          0          0          0   entry9a.o
        30          0          0          0          0          0   handlers.o
        36          8          0          0          0         68   init.o
        36          0          0          0          0         68   memcpya.o
       390         10          0          0          0        252   printf1.o
        44          0          0          0          0         80   uidiv.o

    ----------------------------------------------------------------------
       560         26          0          0          0        468   Library Totals
         4          0          0          0          0          0   (incl. Padding)

    ----------------------------------------------------------------------

      Code (inc. data)   RO Data    RW Data    ZI Data      Debug   Library Name

       556         26          0          0          0        468   mc_w.l

    ----------------------------------------------------------------------
       560         26          0          0          0        468   Library Totals

    ----------------------------------------------------------------------

==============================================================================


      Code (inc. data)   RO Data    RW Data    ZI Data      Debug   

     15364        760       2384         36       2132     558079   Grand Totals
     15364        760       2384         36       2132     558079   ELF Image Totals
     15364        760       2384         36          0          0   ROM Totals

==============================================================================

    Total RO  Size (Code + RO Data)                17748 (  17.33kB)
    Total RW  Size (RW Data + ZI Data)              2168 (   2.12kB)
    Total ROM Size (Code + RO Data + RW Data)      17784 (  17.37kB)

==============================================================================

